Archive member included to satisfy reference by file (symbol)

app/libapp.a(bme680.c.obj)    (--whole-archive)
app/libapp.a(bt_gatt_config.c.obj)
                              (--whole-archive)
app/libapp.a(main.c.obj)      (--whole-archive)
app/libapp.a(vbatt.c.obj)     (--whole-archive)
zephyr/libzephyr.a(crc32_sw.c.obj)
                              (--whole-archive)
zephyr/libzephyr.a(crc16_sw.c.obj)
                              (--whole-archive)
zephyr/libzephyr.a(crc8_sw.c.obj)
                              (--whole-archive)
zephyr/libzephyr.a(crc7_sw.c.obj)
                              (--whole-archive)
zephyr/libzephyr.a(dec.c.obj)
                              (--whole-archive)
zephyr/libzephyr.a(fdtable.c.obj)
                              (--whole-archive)
zephyr/libzephyr.a(hex.c.obj)
                              (--whole-archive)
zephyr/libzephyr.a(mempool.c.obj)
                              (--whole-archive)
zephyr/libzephyr.a(notify.c.obj)
                              (--whole-archive)
zephyr/libzephyr.a(printk.c.obj)
                              (--whole-archive)
zephyr/libzephyr.a(onoff.c.obj)
                              (--whole-archive)
zephyr/libzephyr.a(rb.c.obj)  (--whole-archive)
zephyr/libzephyr.a(sem.c.obj)
                              (--whole-archive)
zephyr/libzephyr.a(thread_entry.c.obj)
                              (--whole-archive)
zephyr/libzephyr.a(timeutil.c.obj)
                              (--whole-archive)
zephyr/libzephyr.a(work_q.c.obj)
                              (--whole-archive)
zephyr/libzephyr.a(heap.c.obj)
                              (--whole-archive)
zephyr/libzephyr.a(heap-validate.c.obj)
                              (--whole-archive)
zephyr/libzephyr.a(prf.c.obj)
                              (--whole-archive)
zephyr/libzephyr.a(configs.c.obj)
                              (--whole-archive)
zephyr/libzephyr.a(validate_base_addresses.c.obj)
                              (--whole-archive)
zephyr/libzephyr.a(validate_enabled_instances.c.obj)
                              (--whole-archive)
zephyr/libzephyr.a(dis.c.obj)
                              (--whole-archive)
zephyr/libzephyr.a(addr_utils.c.obj)
                              (--whole-archive)
zephyr/libzephyr.a(settings_store.c.obj)
                              (--whole-archive)
zephyr/libzephyr.a(settings.c.obj)
                              (--whole-archive)
zephyr/libzephyr.a(settings_init.c.obj)
                              (--whole-archive)
zephyr/libzephyr.a(settings_line.c.obj)
                              (--whole-archive)
zephyr/libzephyr.a(settings_none.c.obj)
                              (--whole-archive)
zephyr/libzephyr.a(power.c.obj)
                              (--whole-archive)
zephyr/libzephyr.a(reboot.c.obj)
                              (--whole-archive)
zephyr/libzephyr.a(policy_residency.c.obj)
                              (--whole-archive)
zephyr/libzephyr.a(clock_control_nrf.c.obj)
                              (--whole-archive)
zephyr/libzephyr.a(sys_clock_init.c.obj)
                              (--whole-archive)
zephyr/libzephyr.a(nrf_rtc_timer.c.obj)
                              (--whole-archive)
zephyr/libzephyr.a(utils.c.obj)
                              (--whole-archive)
zephyr/libzephyr.a(ecc_dh.c.obj)
                              (--whole-archive)
zephyr/libzephyr.a(ecc.c.obj)
                              (--whole-archive)
zephyr/libzephyr.a(aes_decrypt.c.obj)
                              (--whole-archive)
zephyr/libzephyr.a(aes_encrypt.c.obj)
                              (--whole-archive)
zephyr/libzephyr.a(cmac_mode.c.obj)
                              (--whole-archive)
zephyr/arch/common/libarch__common.a(sw_isr_common.c.obj)
                              (--whole-archive)
zephyr/arch/arch/arm/core/aarch32/libarch__arm__core__aarch32.a(swap.c.obj)
                              (--whole-archive)
zephyr/arch/arch/arm/core/aarch32/libarch__arm__core__aarch32.a(swap_helper.S.obj)
                              (--whole-archive)
zephyr/arch/arch/arm/core/aarch32/libarch__arm__core__aarch32.a(irq_manage.c.obj)
                              (--whole-archive)
zephyr/arch/arch/arm/core/aarch32/libarch__arm__core__aarch32.a(thread.c.obj)
                              (--whole-archive)
zephyr/arch/arch/arm/core/aarch32/libarch__arm__core__aarch32.a(cpu_idle.S.obj)
                              (--whole-archive)
zephyr/arch/arch/arm/core/aarch32/libarch__arm__core__aarch32.a(fatal.c.obj)
                              (--whole-archive)
zephyr/arch/arch/arm/core/aarch32/libarch__arm__core__aarch32.a(nmi.c.obj)
                              (--whole-archive)
zephyr/arch/arch/arm/core/aarch32/libarch__arm__core__aarch32.a(nmi_on_reset.S.obj)
                              (--whole-archive)
zephyr/arch/arch/arm/core/aarch32/libarch__arm__core__aarch32.a(prep_c.c.obj)
                              (--whole-archive)
[...]
Memory Configuration

Name             Origin             Length             Attributes
FLASH            0x0000000000000000 0x0000000000100000 xr
SRAM             0x0000000020000000 0x0000000000040000 xw
IDT_LIST         0x0000000020040000 0x0000000000000800 xw
*default*        0x0000000000000000 0xffffffffffffffff

Linker script and memory map

LOAD zephyr/CMakeFiles/zephyr_prebuilt.dir/misc/empty_file.c.obj
                0x0000000000000020                _region_min_align = 0x20

.rel.plt        0x0000000000000000        0x0
 *(SORT_BY_ALIGNMENT(.rel.plt))
                [!provide]                        PROVIDE (__rel_iplt_start = .)
 *(SORT_BY_ALIGNMENT(.rel.iplt))
 .rel.iplt      0x0000000000000000        0x0 app/libapp.a(bme680.c.obj)
                [!provide]                        PROVIDE (__rel_iplt_end = .)

.rela.plt       0x0000000000000000        0x0
 *(SORT_BY_ALIGNMENT(.rela.plt))
                [!provide]                        PROVIDE (__rela_iplt_start = .)
 *(SORT_BY_ALIGNMENT(.rela.iplt))
                [!provide]                        PROVIDE (__rela_iplt_end = .)

.rel.dyn
 *(SORT_BY_ALIGNMENT(.rel.*))

.rela.dyn
 *(SORT_BY_ALIGNMENT(.rela.*))

/DISCARD/
 *(SORT_BY_ALIGNMENT(.plt))
 *(SORT_BY_ALIGNMENT(.iplt))
 *(SORT_BY_ALIGNMENT(.got.plt))
 *(SORT_BY_ALIGNMENT(.igot.plt))
 *(SORT_BY_ALIGNMENT(.got))
 *(SORT_BY_ALIGNMENT(.igot))
 *(SORT_BY_ALIGNMENT(.note.GNU-stack))
                0x0000000000000000                _image_rom_start = 0x0

rom_start       0x0000000000000000      0x100
                0x0000000000000000                . = 0x0
                0x0000000000000000                . = ALIGN (0x4)
                0x0000000000000000                . = ALIGN (0x80)
                0x0000000000000000                . = ALIGN (0x100)
                0x0000000000000000                _vector_start = .
 *(SORT_BY_ALIGNMENT(.exc_vector_table))
 *(SORT_BY_ALIGNMENT(.exc_vector_table.*))
 .exc_vector_table._vector_table_section
                0x0000000000000000       0x40 zephyr/arch/arch/arm/core/aarch32/cortex_m/libarch__arm__core__aarch32__cortex_m.a(vector_table.S.obj)
                0x0000000000000000                _vector_table
 *(SORT_BY_ALIGNMENT(.gnu.linkonce.irq_vector_table*))
 .gnu.linkonce.irq_vector_table*
                0x0000000000000040       0xc0 zephyr/arch/common/libisr_tables.a(isr_tables.c.obj)
                0x0000000000000040                _irq_vector_table
 *(SORT_BY_ALIGNMENT(.vectors))
                0x0000000000000100                _vector_end = .
 *(SORT_BY_ALIGNMENT(.openocd_dbg))
 *(SORT_BY_ALIGNMENT(.openocd_dbg.*))

text            0x0000000000000100    0x1f28a
                0x0000000000000100                _image_text_start = .
 *(SORT_BY_ALIGNMENT(.text))
 .text          0x0000000000000100      0x378 /opt/gcc-arm-none-eabi-9-2020-q2-update/bin/../lib/gcc/arm-none-eabi/9.3.1/thumb/v7e-m/nofp/libgcc.a(_arm_addsubdf3.o)
                0x0000000000000100                __aeabi_drsub
                0x0000000000000108                __aeabi_dsub
                0x0000000000000108                __subdf3
                0x000000000000010c                __adddf3
                0x000000000000010c                __aeabi_dadd
                0x0000000000000384                __aeabi_ui2d
                0x0000000000000384                __floatunsidf
                0x00000000000003a4                __floatsidf
                0x00000000000003a4                __aeabi_i2d
                0x00000000000003c8                __extendsfdf2
                0x00000000000003c8                __aeabi_f2d
                0x000000000000040c                __aeabi_ul2d
                0x000000000000040c                __floatundidf
                0x000000000000041c                __floatdidf
                0x000000000000041c                __aeabi_l2d
 .text          0x0000000000000478      0x424 /opt/gcc-arm-none-eabi-9-2020-q2-update/bin/../lib/gcc/arm-none-eabi/9.3.1/thumb/v7e-m/nofp/libgcc.a(_arm_muldivdf3.o)
                0x0000000000000478                __aeabi_dmul
                0x0000000000000478                __muldf3
                0x00000000000006cc                __aeabi_ddiv
                0x00000000000006cc                __divdf3
 .text          0x000000000000089c       0xa0 /opt/gcc-arm-none-eabi-9-2020-q2-update/bin/../lib/gcc/arm-none-eabi/9.3.1/thumb/v7e-m/nofp/libgcc.a(_aeabi_ldivmod.o)
                0x000000000000089c                __aeabi_ldivmod
 .text          0x000000000000093c       0x30 /opt/gcc-arm-none-eabi-9-2020-q2-update/bin/../lib/gcc/arm-none-eabi/9.3.1/thumb/v7e-m/nofp/libgcc.a(_aeabi_uldivmod.o)
                0x000000000000093c                __aeabi_uldivmod
 .text          0x000000000000096c      0x2c0 /opt/gcc-arm-none-eabi-9-2020-q2-update/bin/../lib/gcc/arm-none-eabi/9.3.1/thumb/v7e-m/nofp/libgcc.a(_udivmoddi4.o)
                0x000000000000096c                __udivmoddi4
 .text          0x0000000000000c2c        0x4 /opt/gcc-arm-none-eabi-9-2020-q2-update/bin/../lib/gcc/arm-none-eabi/9.3.1/thumb/v7e-m/nofp/libgcc.a(_dvmd_tls.o)
                0x0000000000000c2c                __aeabi_ldiv0
                0x0000000000000c2c                __aeabi_idiv0
 *(SORT_BY_ALIGNMENT(.text.*))
 .text.bt_init  0x0000000000000c30      0x448 zephyr/subsys/bluetooth/host/libsubsys__bluetooth__host.a(hci_core.c.obj)
 .text.ull_drift_ticks_get
                0x0000000000001078       0x8c zephyr/subsys/bluetooth/controller/libsubsys__bluetooth__controller.a(ull.c.obj)
                0x0000000000001078                ull_drift_ticks_get
 *fill*         0x0000000000001104        0x4 
 .text.ll_adv_enable
                0x0000000000001108      0x5d0 zephyr/subsys/bluetooth/controller/libsubsys__bluetooth__controller.a(ull_adv.c.obj)
                0x0000000000001108                ll_adv_enable
 .text.ull_conn_llcp
                0x00000000000016d8     0x1b98 zephyr/subsys/bluetooth/controller/libsubsys__bluetooth__controller.a(ull_conn.c.obj)
                0x00000000000016d8                ull_conn_llcp
 .text.ull_slave_setup
                0x0000000000003270      0x404 zephyr/subsys/bluetooth/controller/libsubsys__bluetooth__controller.a(ull_slave.c.obj)
                0x0000000000003270                ull_slave_setup
 .text.bme680_power_on
                0x0000000000003674       0x24 app/libapp.a(bme680.c.obj)
                0x0000000000003674                bme680_power_on
 .text.bme680_power_off
                0x0000000000003698       0x24 app/libapp.a(bme680.c.obj)
                0x0000000000003698                bme680_power_off
 .text.bind_dev_bme680
                0x00000000000036bc       0x20 app/libapp.a(bme680.c.obj)
                0x00000000000036bc                bind_dev_bme680
 .text.sensor_val_arr_to_int
                0x00000000000036dc       0x5c app/libapp.a(bt_gatt_config.c.obj)
 .text.bt_ready
                0x0000000000003738       0x3c app/libapp.a(bt_gatt_config.c.obj)
                0x0000000000003738                bt_ready
 .text.bt_gatt_notify_readings
                0x0000000000003774      0x13c app/libapp.a(bt_gatt_config.c.obj)
                0x0000000000003774                bt_gatt_notify_readings
 .text.sleep_now
                0x00000000000038b0       0x14 app/libapp.a(main.c.obj)
                0x00000000000038b0                sleep_now
 .text.main     0x00000000000038c4       0x74 app/libapp.a(main.c.obj)
                0x00000000000038c4                main
 .text.read_battery
                0x0000000000003938      0x164 app/libapp.a(vbatt.c.obj)
                0x0000000000003938                read_battery
 .text.print_digits
                0x0000000000003a9c       0x90 zephyr/libzephyr.a(printk.c.obj)
 .text.char_out
                0x0000000000003b2c       0x10 zephyr/libzephyr.a(printk.c.obj)
 .text.z_vprintk
                0x0000000000003b3c      0x25c zephyr/libzephyr.a(printk.c.obj)
                0x0000000000003b3c                z_vprintk
 .text.vprintk  0x0000000000003d98       0x1c zephyr/libzephyr.a(printk.c.obj)
                0x0000000000003d98                vprintk
 .text.vsnprintk
                0x0000000000003db4       0x28 zephyr/libzephyr.a(printk.c.obj)
                0x0000000000003db4                vsnprintk
 .text.process_event
                0x0000000000003ddc      0x1c0 zephyr/libzephyr.a(onoff.c.obj)
 .text.z_prf    0x0000000000003f9c      0x9e0 zephyr/libzephyr.a(prf.c.obj)
                0x0000000000003f9c                z_prf
 .text.read_pnp_id
                0x000000000000497c       0x1c zephyr/libzephyr.a(dis.c.obj)
 .text.settings_save_one
                0x0000000000004998       0x4c zephyr/libzephyr.a(settings_store.c.obj)
                0x0000000000004998                settings_save_one
 .text.settings_load_subtree
                0x00000000000049e4       0x4c zephyr/libzephyr.a(settings_store.c.obj)
                0x00000000000049e4                settings_load_subtree
 .text.settings_load_subtree_direct
                0x0000000000004a30       0x40 zephyr/libzephyr.a(settings_store.c.obj)
                0x0000000000004a30                settings_load_subtree_direct
 .text.settings_store_init
                0x0000000000004a70       0x10 zephyr/libzephyr.a(settings_store.c.obj)
                0x0000000000004a70                settings_store_init
 .text.settings_init
                0x0000000000004a80       0x10 zephyr/libzephyr.a(settings.c.obj)
                0x0000000000004a80                settings_init
 .text.settings_commit_subtree
                0x0000000000004a90       0x78 zephyr/libzephyr.a(settings.c.obj)
                0x0000000000004a90                settings_commit_subtree
 .text.settings_subsys_init
                0x0000000000004b08       0x20 zephyr/libzephyr.a(settings_init.c.obj)
                0x0000000000004b08                settings_subsys_init
 .text.sys_reboot
                0x0000000000004b28       0x30 zephyr/libzephyr.a(reboot.c.obj)
                0x0000000000004b28                sys_reboot
 .text.onoff_stop
                0x0000000000004b58       0x48 zephyr/libzephyr.a(clock_control_nrf.c.obj)
 .text.onoff_start
                0x0000000000004ba0       0x58 zephyr/libzephyr.a(clock_control_nrf.c.obj)
 .text.clk_init
                0x0000000000004bf8       0x60 zephyr/libzephyr.a(clock_control_nrf.c.obj)
 .text.clkstarted_handle.constprop.0
                0x0000000000004c58       0x34 zephyr/libzephyr.a(clock_control_nrf.c.obj)
 .text.clock_event_handler
                0x0000000000004c8c       0x1c zephyr/libzephyr.a(clock_control_nrf.c.obj)
 .text.generic_hfclk_start
                0x0000000000004ca8       0x64 zephyr/libzephyr.a(clock_control_nrf.c.obj)
 .text.generic_hfclk_stop
                0x0000000000004d0c       0x2c zephyr/libzephyr.a(clock_control_nrf.c.obj)
 .text.api_blocking_start
                0x0000000000004d38       0x40 zephyr/libzephyr.a(clock_control_nrf.c.obj)
 .text.z_nrf_clock_control_get_onoff
                0x0000000000004d78       0x10 zephyr/libzephyr.a(clock_control_nrf.c.obj)
                0x0000000000004d78                z_nrf_clock_control_get_onoff
 .text.z_nrf_clock_bt_ctlr_hf_request
                0x0000000000004d88       0x2c zephyr/libzephyr.a(clock_control_nrf.c.obj)
                0x0000000000004d88                z_nrf_clock_bt_ctlr_hf_request
 .text.z_nrf_clock_bt_ctlr_hf_release
                0x0000000000004db4       0x2c zephyr/libzephyr.a(clock_control_nrf.c.obj)
                0x0000000000004db4                z_nrf_clock_bt_ctlr_hf_release
 .text.z_nrf_clock_control_lf_on
                0x0000000000004de0      0x10c zephyr/libzephyr.a(clock_control_nrf.c.obj)
                0x0000000000004de0                z_nrf_clock_control_lf_on
 .text.handle_next_cycle_case
                0x0000000000004eec       0x28 zephyr/libzephyr.a(nrf_rtc_timer.c.obj)
 .text.rtc_nrf_isr
                0x0000000000004f14       0x2c zephyr/libzephyr.a(nrf_rtc_timer.c.obj)
                0x0000000000004f14                rtc_nrf_isr
 .text.z_clock_driver_init
                0x0000000000004f40       0x54 zephyr/libzephyr.a(nrf_rtc_timer.c.obj)
                0x0000000000004f40                z_clock_driver_init
 .text.z_clock_set_timeout
                0x0000000000004f94       0xc4 zephyr/libzephyr.a(nrf_rtc_timer.c.obj)
                0x0000000000004f94                z_clock_set_timeout
 .text.z_clock_elapsed
                0x0000000000005058       0x34 zephyr/libzephyr.a(nrf_rtc_timer.c.obj)
                0x0000000000005058                z_clock_elapsed
 .text.uECC_get_rng
                0x000000000000508c        0xc zephyr/libzephyr.a(ecc.c.obj)
                0x000000000000508c                uECC_get_rng
 .text.vli_mmod_fast_secp256r1
                0x0000000000005098      0x1a0 zephyr/libzephyr.a(ecc.c.obj)
                0x0000000000005098                vli_mmod_fast_secp256r1
 .text.tc_aes128_set_encrypt_key
                0x0000000000005238       0xa4 zephyr/libzephyr.a(aes_encrypt.c.obj)
                0x0000000000005238                tc_aes128_set_encrypt_key
 .text.tc_aes_encrypt
                0x00000000000052dc       0xd4 zephyr/libzephyr.a(aes_encrypt.c.obj)
                0x00000000000052dc                tc_aes_encrypt
 .text.arch_swap
                0x00000000000053b0       0x34 zephyr/arch/arch/arm/core/aarch32/libarch__arm__core__aarch32.a(swap.c.obj)
                0x00000000000053b0                arch_swap
 .text.z_arm_pendsv
                0x00000000000053e4       0x48 zephyr/arch/arch/arm/core/aarch32/libarch__arm__core__aarch32.a(swap_helper.S.obj)
                0x00000000000053e4                z_arm_pendsv
 .text.z_arm_svc
                0x000000000000542c       0x20 zephyr/arch/arch/arm/core/aarch32/libarch__arm__core__aarch32.a(swap_helper.S.obj)
                0x000000000000542c                z_arm_svc
 .text.arch_irq_enable
                0x000000000000544c       0x20 zephyr/arch/arch/arm/core/aarch32/libarch__arm__core__aarch32.a(irq_manage.c.obj)
                0x000000000000544c                arch_irq_enable
 .text.arch_irq_disable
                0x000000000000546c       0x28 zephyr/arch/arch/arm/core/aarch32/libarch__arm__core__aarch32.a(irq_manage.c.obj)
                0x000000000000546c                arch_irq_disable
 .text.arch_irq_is_enabled
                0x0000000000005494       0x1c zephyr/arch/arch/arm/core/aarch32/libarch__arm__core__aarch32.a(irq_manage.c.obj)
                0x0000000000005494                arch_irq_is_enabled
 .text.z_arm_irq_priority_set
                0x00000000000054b0       0x30 zephyr/arch/arch/arm/core/aarch32/libarch__arm__core__aarch32.a(irq_manage.c.obj)
                0x00000000000054b0                z_arm_irq_priority_set
 .text._arch_isr_direct_pm
                0x00000000000054e0       0x1c zephyr/arch/arch/arm/core/aarch32/libarch__arm__core__aarch32.a(irq_manage.c.obj)
                0x00000000000054e0                _arch_isr_direct_pm
 .text.arch_new_thread
                0x00000000000054fc       0x38 zephyr/arch/arch/arm/core/aarch32/libarch__arm__core__aarch32.a(thread.c.obj)
                0x00000000000054fc                arch_new_thread
 .text.arch_switch_to_main_thread
                0x0000000000005534       0x30 zephyr/arch/arch/arm/core/aarch32/libarch__arm__core__aarch32.a(thread.c.obj)
                0x0000000000005534                arch_switch_to_main_thread
 .text.z_arm_cpu_idle_init
                0x0000000000005564        0xc zephyr/arch/arch/arm/core/aarch32/libarch__arm__core__aarch32.a(cpu_idle.S.obj)
                0x0000000000005564                z_arm_cpu_idle_init
 .text.arch_cpu_idle
                0x0000000000005570       0x1c zephyr/arch/arch/arm/core/aarch32/libarch__arm__core__aarch32.a(cpu_idle.S.obj)
                0x0000000000005570                arch_cpu_idle
 .text.arch_cpu_atomic_idle
                0x000000000000558c       0x14 zephyr/arch/arch/arm/core/aarch32/libarch__arm__core__aarch32.a(cpu_idle.S.obj)
                0x000000000000558c                arch_cpu_atomic_idle
 .text.z_SysNmiOnReset
                0x00000000000055a0        0x8 zephyr/arch/arch/arm/core/aarch32/libarch__arm__core__aarch32.a(nmi_on_reset.S.obj)
                0x00000000000055a0                z_SysNmiOnReset
 .text.z_arm_prep_c
                0x00000000000055a8       0x44 zephyr/arch/arch/arm/core/aarch32/libarch__arm__core__aarch32.a(prep_c.c.obj)
                0x00000000000055a8                z_arm_prep_c
 .text._isr_wrapper
                0x00000000000055ec       0x40 zephyr/arch/arch/arm/core/aarch32/libarch__arm__core__aarch32.a(isr_wrapper.S.obj)
                0x00000000000055ec                _isr_wrapper
 .text._reset_section
                0x000000000000562c       0x30 zephyr/arch/arch/arm/core/aarch32/cortex_m/libarch__arm__core__aarch32__cortex_m.a(reset.S.obj)
                0x000000000000562c                z_arm_reset
                0x000000000000562c                __start
 .text.__fault  0x000000000000565c       0x14 zephyr/arch/arch/arm/core/aarch32/cortex_m/libarch__arm__core__aarch32__cortex_m.a(fault_s.S.obj)
                0x000000000000565c                z_arm_bus_fault
                0x000000000000565c                z_arm_usage_fault
                0x000000000000565c                z_arm_mpu_fault
                0x000000000000565c                z_arm_exc_spurious
                0x000000000000565c                z_arm_debug_monitor
                0x000000000000565c                z_arm_hard_fault
 .text.mem_manage_fault.isra.0
                0x0000000000005670       0x38 zephyr/arch/arch/arm/core/aarch32/cortex_m/libarch__arm__core__aarch32__cortex_m.a(fault.c.obj)
 .text.bus_fault.isra.0
                0x00000000000056a8       0x3c zephyr/arch/arch/arm/core/aarch32/cortex_m/libarch__arm__core__aarch32__cortex_m.a(fault.c.obj)
 .text.usage_fault.isra.0
                0x00000000000056e4       0x24 zephyr/arch/arch/arm/core/aarch32/cortex_m/libarch__arm__core__aarch32__cortex_m.a(fault.c.obj)
 .text.z_arm_fault
                0x0000000000005708       0xe8 zephyr/arch/arch/arm/core/aarch32/cortex_m/libarch__arm__core__aarch32__cortex_m.a(fault.c.obj)
                0x0000000000005708                z_arm_fault
 .text.z_arm_fault_init
                0x00000000000057f0       0x10 zephyr/arch/arch/arm/core/aarch32/cortex_m/libarch__arm__core__aarch32__cortex_m.a(fault.c.obj)
                0x00000000000057f0                z_arm_fault_init
 .text._HandlerModeExit
                0x0000000000005800       0x1c zephyr/arch/arch/arm/core/aarch32/cortex_m/libarch__arm__core__aarch32__cortex_m.a(exc_exit.S.obj)
                0x0000000000005800                z_arm_exc_exit
                0x0000000000005800                z_arm_int_exit
 .text.z_arm_interrupt_init
                0x000000000000581c       0x18 zephyr/arch/arch/arm/core/aarch32/cortex_m/libarch__arm__core__aarch32__cortex_m.a(irq_init.c.obj)
                0x000000000000581c                z_arm_interrupt_init
 .text.z_impl_k_thread_abort
                0x0000000000005834       0x44 zephyr/arch/arch/arm/core/aarch32/cortex_m/libarch__arm__core__aarch32__cortex_m.a(thread_abort.c.obj)
                0x0000000000005834                z_impl_k_thread_abort
 .text.z_arm_configure_static_mpu_regions
                0x0000000000005878       0x38 zephyr/arch/arch/arm/core/aarch32/cortex_m/mpu/libarch__arm__core__aarch32__cortex_m__mpu.a(arm_core_mpu.c.obj)
                0x0000000000005878                z_arm_configure_static_mpu_regions
 .text.mpu_configure_regions
                0x00000000000058b0       0x8c zephyr/arch/arch/arm/core/aarch32/cortex_m/mpu/libarch__arm__core__aarch32__cortex_m__mpu.a(arm_mpu.c.obj)
 .text.arm_core_mpu_enable
                0x000000000000593c       0x14 zephyr/arch/arch/arm/core/aarch32/cortex_m/mpu/libarch__arm__core__aarch32__cortex_m__mpu.a(arm_mpu.c.obj)
                0x000000000000593c                arm_core_mpu_enable
 .text.arm_core_mpu_disable
                0x0000000000005950       0x10 zephyr/arch/arch/arm/core/aarch32/cortex_m/mpu/libarch__arm__core__aarch32__cortex_m__mpu.a(arm_mpu.c.obj)
                0x0000000000005950                arm_core_mpu_disable
 .text.arm_mpu_init
                0x0000000000005960       0x5c zephyr/arch/arch/arm/core/aarch32/cortex_m/mpu/libarch__arm__core__aarch32__cortex_m__mpu.a(arm_mpu.c.obj)
 .text.arm_core_mpu_configure_static_mpu_regions
                0x00000000000059bc       0x14 zephyr/arch/arch/arm/core/aarch32/cortex_m/mpu/libarch__arm__core__aarch32__cortex_m__mpu.a(arm_mpu.c.obj)
                0x00000000000059bc                arm_core_mpu_configure_static_mpu_regions
 .text.snprintf
                0x00000000000059d0       0x30 zephyr/lib/libc/minimal/liblib__libc__minimal.a(sprintf.c.obj)
                0x00000000000059d0                snprintf
 .text.nordicsemi_nrf52_init
                0x0000000000005a00       0x30 zephyr/soc/arm/nordic_nrf/nrf52/libsoc__arm__nordic_nrf__nrf52.a(soc.c.obj)
 .text.sys_arch_reboot
                0x0000000000005a30       0x2c zephyr/soc/arm/nordic_nrf/nrf52/libsoc__arm__nordic_nrf__nrf52.a(soc.c.obj)
                0x0000000000005a30                sys_arch_reboot
 .text.arch_busy_wait
                0x0000000000005a5c       0x14 zephyr/soc/arm/nordic_nrf/nrf52/libsoc__arm__nordic_nrf__nrf52.a(soc.c.obj)
                0x0000000000005a5c                arch_busy_wait
 .text.ecc_thread
                0x0000000000005a70      0x190 zephyr/subsys/bluetooth/host/libsubsys__bluetooth__host.a(hci_ecc.c.obj)
 .text.bt_hci_ecc_send
                0x0000000000005c00      0x110 zephyr/subsys/bluetooth/host/libsubsys__bluetooth__host.a(hci_ecc.c.obj)
                0x0000000000005c00                bt_hci_ecc_send
 .text.bt_hci_ecc_init
                0x0000000000005d10       0x48 zephyr/subsys/bluetooth/host/libsubsys__bluetooth__host.a(hci_ecc.c.obj)
                0x0000000000005d10                bt_hci_ecc_init
 .text.save_id  0x0000000000005d58       0x30 zephyr/subsys/bluetooth/host/libsubsys__bluetooth__host.a(settings.c.obj)
 .text.set      0x0000000000005d88       0xa0 zephyr/subsys/bluetooth/host/libsubsys__bluetooth__host.a(settings.c.obj)
 .text.bt_settings_encode_key
                0x0000000000005e28       0x60 zephyr/subsys/bluetooth/host/libsubsys__bluetooth__host.a(settings.c.obj)
                0x0000000000005e28                bt_settings_encode_key
 .text.bt_settings_save_id
                0x0000000000005e88       0x30 zephyr/subsys/bluetooth/host/libsubsys__bluetooth__host.a(settings.c.obj)
                0x0000000000005e88                bt_settings_save_id
 .text.commit   0x0000000000005eb8       0x60 zephyr/subsys/bluetooth/host/libsubsys__bluetooth__host.a(settings.c.obj)
 .text.uuid_to_uuid128
                0x0000000000005f18       0x7c zephyr/subsys/bluetooth/host/libsubsys__bluetooth__host.a(uuid.c.obj)
 .text.le_dhkey_complete
                0x0000000000005f94       0x20 zephyr/subsys/bluetooth/host/libsubsys__bluetooth__host.a(hci_core.c.obj)
 .text.le_rpa_invalidate
                0x0000000000005fb4       0x38 zephyr/subsys/bluetooth/host/libsubsys__bluetooth__host.a(hci_core.c.obj)
 .text.id_find  0x0000000000005fec       0x30 zephyr/subsys/bluetooth/host/libsubsys__bluetooth__host.a(hci_core.c.obj)
 .text.valid_adv_param
                0x000000000000601c       0x70 zephyr/subsys/bluetooth/host/libsubsys__bluetooth__host.a(hci_core.c.obj)
 .text.le_pkey_complete
                0x000000000000608c       0x50 zephyr/subsys/bluetooth/host/libsubsys__bluetooth__host.a(hci_core.c.obj)
 .text.hci_le_meta_event
                0x00000000000060dc       0x20 zephyr/subsys/bluetooth/host/libsubsys__bluetooth__host.a(hci_core.c.obj)
 .text.hci_encrypt_key_refresh_complete
                0x00000000000060fc       0x4c zephyr/subsys/bluetooth/host/libsubsys__bluetooth__host.a(hci_core.c.obj)
 .text.hci_encrypt_change
                0x0000000000006148       0x50 zephyr/subsys/bluetooth/host/libsubsys__bluetooth__host.a(hci_core.c.obj)
 .text.find_pending_connect.part.0
                0x0000000000006198       0x3c zephyr/subsys/bluetooth/host/libsubsys__bluetooth__host.a(hci_core.c.obj)
 .text.le_adv_start_add_conn
                0x00000000000061d4       0xa8 zephyr/subsys/bluetooth/host/libsubsys__bluetooth__host.a(hci_core.c.obj)
 .text.hci_num_completed_packets
                0x000000000000627c       0xf8 zephyr/subsys/bluetooth/host/libsubsys__bluetooth__host.a(hci_core.c.obj)
 .text.hci_cmd_done.isra.0
                0x0000000000006374       0x7c zephyr/subsys/bluetooth/host/libsubsys__bluetooth__host.a(hci_core.c.obj)
 .text.hci_cmd_complete
                0x00000000000063f0       0x2c zephyr/subsys/bluetooth/host/libsubsys__bluetooth__host.a(hci_core.c.obj)
 .text.hci_tx_thread
                0x000000000000641c      0x128 zephyr/subsys/bluetooth/host/libsubsys__bluetooth__host.a(hci_core.c.obj)
 .text.hci_cmd_status
                0x0000000000006544       0x28 zephyr/subsys/bluetooth/host/libsubsys__bluetooth__host.a(hci_core.c.obj)
 .text.bt_hci_cmd_create
                0x000000000000656c       0x70 zephyr/subsys/bluetooth/host/libsubsys__bluetooth__host.a(hci_core.c.obj)
                0x000000000000656c                bt_hci_cmd_create
 .text.bt_hci_cmd_send
                0x00000000000065dc       0x44 zephyr/subsys/bluetooth/host/libsubsys__bluetooth__host.a(hci_core.c.obj)
                0x00000000000065dc                bt_hci_cmd_send
 .text.bt_hci_cmd_send_sync
                0x0000000000006620       0xc4 zephyr/subsys/bluetooth/host/libsubsys__bluetooth__host.a(hci_core.c.obj)
                0x0000000000006620                bt_hci_cmd_send_sync
 .text.set_random_address
                0x00000000000066e4       0x5c zephyr/subsys/bluetooth/host/libsubsys__bluetooth__host.a(hci_core.c.obj)
 .text.le_set_private_addr
                0x0000000000006740       0x6c zephyr/subsys/bluetooth/host/libsubsys__bluetooth__host.a(hci_core.c.obj)
 .text.le_adv_set_random_addr.isra.0
                0x00000000000067ac       0x84 zephyr/subsys/bluetooth/host/libsubsys__bluetooth__host.a(hci_core.c.obj)
 .text.set_le_adv_enable_legacy
                0x0000000000006830       0x5c zephyr/subsys/bluetooth/host/libsubsys__bluetooth__host.a(hci_core.c.obj)
 .text.le_update_private_addr
                0x000000000000688c       0x54 zephyr/subsys/bluetooth/host/libsubsys__bluetooth__host.a(hci_core.c.obj)
 .text.rpa_timeout
                0x00000000000068e0       0x4c zephyr/subsys/bluetooth/host/libsubsys__bluetooth__host.a(hci_core.c.obj)
 .text.hci_id_add
                0x000000000000692c       0x64 zephyr/subsys/bluetooth/host/libsubsys__bluetooth__host.a(hci_core.c.obj)
 .text.le_adv_update.constprop.0
                0x0000000000006990       0xe8 zephyr/subsys/bluetooth/host/libsubsys__bluetooth__host.a(hci_core.c.obj)
 .text.conn_auto_initiate
                0x0000000000006a78       0xd4 zephyr/subsys/bluetooth/host/libsubsys__bluetooth__host.a(hci_core.c.obj)
 .text.bt_id_add
                0x0000000000006b4c      0x118 zephyr/subsys/bluetooth/host/libsubsys__bluetooth__host.a(hci_core.c.obj)
                0x0000000000006b4c                bt_id_add
 .text.bt_id_del
                0x0000000000006c64       0xfc zephyr/subsys/bluetooth/host/libsubsys__bluetooth__host.a(hci_core.c.obj)
                0x0000000000006c64                bt_id_del
 .text.id_create
                0x0000000000006d60       0xb0 zephyr/subsys/bluetooth/host/libsubsys__bluetooth__host.a(hci_core.c.obj)
 .text.hci_event_prio
                0x0000000000006e10       0xa4 zephyr/subsys/bluetooth/host/libsubsys__bluetooth__host.a(hci_core.c.obj)
                0x0000000000006e10                hci_event_prio
 .text.bt_recv  0x0000000000006eb4       0xf4 zephyr/subsys/bluetooth/host/libsubsys__bluetooth__host.a(hci_core.c.obj)
                0x0000000000006eb4                bt_recv
 .text.bt_recv_prio
                0x0000000000006fa8       0x3c zephyr/subsys/bluetooth/host/libsubsys__bluetooth__host.a(hci_core.c.obj)
                0x0000000000006fa8                bt_recv_prio
 .text.bt_hci_driver_register
                0x0000000000006fe4       0x28 zephyr/subsys/bluetooth/host/libsubsys__bluetooth__host.a(hci_core.c.obj)
                0x0000000000006fe4                bt_hci_driver_register
 .text.bt_finalize_init
                0x000000000000700c        0xc zephyr/subsys/bluetooth/host/libsubsys__bluetooth__host.a(hci_core.c.obj)
                0x000000000000700c                bt_finalize_init
 .text.init_work
                0x0000000000007018       0x18 zephyr/subsys/bluetooth/host/libsubsys__bluetooth__host.a(hci_core.c.obj)
 .text.bt_enable
                0x0000000000007030       0xb8 zephyr/subsys/bluetooth/host/libsubsys__bluetooth__host.a(hci_core.c.obj)
                0x0000000000007030                bt_enable
 .text.bt_get_name
                0x00000000000070e8        0x8 zephyr/subsys/bluetooth/host/libsubsys__bluetooth__host.a(hci_core.c.obj)
                0x00000000000070e8                bt_get_name
 .text.bt_id_create
                0x00000000000070f0       0x68 zephyr/subsys/bluetooth/host/libsubsys__bluetooth__host.a(hci_core.c.obj)
                0x00000000000070f0                bt_id_create
 .text.bt_setup_public_id_addr
                0x0000000000007158       0xd4 zephyr/subsys/bluetooth/host/libsubsys__bluetooth__host.a(hci_core.c.obj)
                0x0000000000007158                bt_setup_public_id_addr
 .text.bt_read_static_addr
                0x000000000000722c       0x60 zephyr/subsys/bluetooth/host/libsubsys__bluetooth__host.a(hci_core.c.obj)
                0x000000000000722c                bt_read_static_addr
 .text.bt_setup_random_id_addr
                0x000000000000728c       0x94 zephyr/subsys/bluetooth/host/libsubsys__bluetooth__host.a(hci_core.c.obj)
                0x000000000000728c                bt_setup_random_id_addr
 .text.bt_le_adv_start_legacy
                0x0000000000007320      0x204 zephyr/subsys/bluetooth/host/libsubsys__bluetooth__host.a(hci_core.c.obj)
                0x0000000000007320                bt_le_adv_start_legacy
 .text.bt_le_adv_start
                0x0000000000007524       0x1c zephyr/subsys/bluetooth/host/libsubsys__bluetooth__host.a(hci_core.c.obj)
                0x0000000000007524                bt_le_adv_start
 .text.bt_le_adv_stop
                0x0000000000007540       0x98 zephyr/subsys/bluetooth/host/libsubsys__bluetooth__host.a(hci_core.c.obj)
                0x0000000000007540                bt_le_adv_stop
 .text.bt_le_adv_resume
                0x00000000000075d8       0x8c zephyr/subsys/bluetooth/host/libsubsys__bluetooth__host.a(hci_core.c.obj)
                0x00000000000075d8                bt_le_adv_resume
 .text.enh_conn_complete
                0x0000000000007664      0x1a0 zephyr/subsys/bluetooth/host/libsubsys__bluetooth__host.a(hci_core.c.obj)
 .text.le_legacy_conn_complete
                0x0000000000007804       0x6c zephyr/subsys/bluetooth/host/libsubsys__bluetooth__host.a(hci_core.c.obj)
 .text.bt_buf_get_rx
                0x0000000000007870       0x20 zephyr/subsys/bluetooth/host/libsubsys__bluetooth__host.a(hci_core.c.obj)
                0x0000000000007870                bt_buf_get_rx
 .text.bt_buf_get_cmd_complete
                0x0000000000007890       0x4c zephyr/subsys/bluetooth/host/libsubsys__bluetooth__host.a(hci_core.c.obj)
                0x0000000000007890                bt_buf_get_cmd_complete
 .text.bt_buf_get_evt
                0x00000000000078dc       0x54 zephyr/subsys/bluetooth/host/libsubsys__bluetooth__host.a(hci_core.c.obj)
                0x00000000000078dc                bt_buf_get_evt
 .text.bt_pub_key_gen
                0x0000000000007930       0x68 zephyr/subsys/bluetooth/host/libsubsys__bluetooth__host.a(hci_core.c.obj)
                0x0000000000007930                bt_pub_key_gen
 .text.bt_pub_key_get
                0x0000000000007998       0x1c zephyr/subsys/bluetooth/host/libsubsys__bluetooth__host.a(hci_core.c.obj)
                0x0000000000007998                bt_pub_key_get
 .text.bt_dh_key_gen
                0x00000000000079b4       0x74 zephyr/subsys/bluetooth/host/libsubsys__bluetooth__host.a(hci_core.c.obj)
                0x00000000000079b4                bt_dh_key_gen
 .text.tx_free  0x0000000000007a28       0x14 zephyr/subsys/bluetooth/host/libsubsys__bluetooth__host.a(conn.c.obj)
 .text.notify_connected
                0x0000000000007a3c       0x2c zephyr/subsys/bluetooth/host/libsubsys__bluetooth__host.a(conn.c.obj)
 .text.send_frag
                0x0000000000007a68      0x114 zephyr/subsys/bluetooth/host/libsubsys__bluetooth__host.a(conn.c.obj)
 .text.bt_conn_get_pkts
                0x0000000000007b7c        0x8 zephyr/subsys/bluetooth/host/libsubsys__bluetooth__host.a(conn.c.obj)
                0x0000000000007b7c                bt_conn_get_pkts
 .text.notify_le_param_updated
                0x0000000000007b84       0x68 zephyr/subsys/bluetooth/host/libsubsys__bluetooth__host.a(conn.c.obj)
                0x0000000000007b84                notify_le_param_updated
 .text.le_param_req
                0x0000000000007bec       0x40 zephyr/subsys/bluetooth/host/libsubsys__bluetooth__host.a(conn.c.obj)
                0x0000000000007bec                le_param_req
 .text.bt_conn_identity_resolved
                0x0000000000007c2c       0x34 zephyr/subsys/bluetooth/host/libsubsys__bluetooth__host.a(conn.c.obj)
                0x0000000000007c2c                bt_conn_identity_resolved
 .text.bt_conn_security_changed
                0x0000000000007c60       0x2c zephyr/subsys/bluetooth/host/libsubsys__bluetooth__host.a(conn.c.obj)
                0x0000000000007c60                bt_conn_security_changed
 .text.bt_conn_cb_register
                0x0000000000007c8c       0x10 zephyr/subsys/bluetooth/host/libsubsys__bluetooth__host.a(conn.c.obj)
                0x0000000000007c8c                bt_conn_cb_register
 .text.conn_cleanup
                0x0000000000007c9c       0x44 zephyr/subsys/bluetooth/host/libsubsys__bluetooth__host.a(conn.c.obj)
 .text.bt_conn_send_cb
                0x0000000000007ce0       0x88 zephyr/subsys/bluetooth/host/libsubsys__bluetooth__host.a(conn.c.obj)
                0x0000000000007ce0                bt_conn_send_cb
 .text.bt_conn_prepare_events
                0x0000000000007d68       0x7c zephyr/subsys/bluetooth/host/libsubsys__bluetooth__host.a(conn.c.obj)
                0x0000000000007d68                bt_conn_prepare_events
 .text.bt_conn_add_le
                0x0000000000007de4       0x54 zephyr/subsys/bluetooth/host/libsubsys__bluetooth__host.a(conn.c.obj)
                0x0000000000007de4                bt_conn_add_le
 .text.bt_conn_lookup_handle
                0x0000000000007e38       0x10 zephyr/subsys/bluetooth/host/libsubsys__bluetooth__host.a(conn.c.obj)
                0x0000000000007e38                bt_conn_lookup_handle
 .text.bt_conn_lookup_addr_le
                0x0000000000007e48       0x38 zephyr/subsys/bluetooth/host/libsubsys__bluetooth__host.a(conn.c.obj)
                0x0000000000007e48                bt_conn_lookup_addr_le
 .text.bt_conn_lookup_state_le
                0x0000000000007e80       0x4c zephyr/subsys/bluetooth/host/libsubsys__bluetooth__host.a(conn.c.obj)
                0x0000000000007e80                bt_conn_lookup_state_le
 .text.bt_conn_set_state
                0x0000000000007ecc      0x144 zephyr/subsys/bluetooth/host/libsubsys__bluetooth__host.a(conn.c.obj)
                0x0000000000007ecc                bt_conn_set_state
 .text.send_conn_le_param_update
                0x0000000000008010       0x5c zephyr/subsys/bluetooth/host/libsubsys__bluetooth__host.a(conn.c.obj)
 .text.conn_update_timeout
                0x000000000000806c       0x9c zephyr/subsys/bluetooth/host/libsubsys__bluetooth__host.a(conn.c.obj)
 .text.bt_conn_create_pdu_timeout
                0x0000000000008108       0x24 zephyr/subsys/bluetooth/host/libsubsys__bluetooth__host.a(conn.c.obj)
                0x0000000000008108                bt_conn_create_pdu_timeout
 .text.bt_conn_create_frag_timeout
                0x000000000000812c        0xc zephyr/subsys/bluetooth/host/libsubsys__bluetooth__host.a(conn.c.obj)
                0x000000000000812c                bt_conn_create_frag_timeout
 .text.create_frag.isra.0
                0x0000000000008138       0x6c zephyr/subsys/bluetooth/host/libsubsys__bluetooth__host.a(conn.c.obj)
 .text.bt_conn_process_tx
                0x00000000000081a4       0xd0 zephyr/subsys/bluetooth/host/libsubsys__bluetooth__host.a(conn.c.obj)
                0x00000000000081a4                bt_conn_process_tx
 .text.bt_conn_index
                0x0000000000008274       0x18 zephyr/subsys/bluetooth/host/libsubsys__bluetooth__host.a(conn.c.obj)
                0x0000000000008274                bt_conn_index
 .text.bt_conn_init
                0x000000000000828c       0x40 zephyr/subsys/bluetooth/host/libsubsys__bluetooth__host.a(conn.c.obj)
                0x000000000000828c                bt_conn_init
 .text.l2cap_accept
                0x00000000000082cc       0x1c zephyr/subsys/bluetooth/host/libsubsys__bluetooth__host.a(l2cap.c.obj)
 .text.bt_l2cap_connected
                0x00000000000082e8       0xb8 zephyr/subsys/bluetooth/host/libsubsys__bluetooth__host.a(l2cap.c.obj)
                0x00000000000082e8                bt_l2cap_connected
 .text.bt_l2cap_update_conn_param
                0x00000000000083a0       0x5c zephyr/subsys/bluetooth/host/libsubsys__bluetooth__host.a(l2cap.c.obj)
                0x00000000000083a0                bt_l2cap_update_conn_param
 .text.att_cfm_sent
                0x00000000000083fc       0x10 zephyr/subsys/bluetooth/host/libsubsys__bluetooth__host.a(att.c.obj)
 .text.att_rsp_sent
                0x000000000000840c       0x10 zephyr/subsys/bluetooth/host/libsubsys__bluetooth__host.a(att.c.obj)
 .text.att_req_sent
                0x000000000000841c       0x10 zephyr/subsys/bluetooth/host/libsubsys__bluetooth__host.a(att.c.obj)
 .text.bt_att_released
                0x000000000000842c       0x18 zephyr/subsys/bluetooth/host/libsubsys__bluetooth__host.a(att.c.obj)
 .text.read_group_cb
                0x0000000000008444       0xac zephyr/subsys/bluetooth/host/libsubsys__bluetooth__host.a(att.c.obj)
 .text.read_type_cb
                0x00000000000084f0       0xa8 zephyr/subsys/bluetooth/host/libsubsys__bluetooth__host.a(att.c.obj)
 .text.chan_req_sent
                0x0000000000008598       0x1c zephyr/subsys/bluetooth/host/libsubsys__bluetooth__host.a(att.c.obj)
 .text.bt_att_accept
                0x00000000000085b4       0xa0 zephyr/subsys/bluetooth/host/libsubsys__bluetooth__host.a(att.c.obj)
 .text.bt_att_connected
                0x0000000000008654       0x64 zephyr/subsys/bluetooth/host/libsubsys__bluetooth__host.a(att.c.obj)
 .text.prep_write_cb
                0x00000000000086b8       0x84 zephyr/subsys/bluetooth/host/libsubsys__bluetooth__host.a(att.c.obj)
 .text.chan_send
                0x000000000000873c       0xcc zephyr/subsys/bluetooth/host/libsubsys__bluetooth__host.a(att.c.obj)
 .text.send_err_rsp.part.0
                0x0000000000008808       0x40 zephyr/subsys/bluetooth/host/libsubsys__bluetooth__host.a(att.c.obj)
 .text.bt_att_recv
                0x0000000000008848       0xd8 zephyr/subsys/bluetooth/host/libsubsys__bluetooth__host.a(att.c.obj)
 .text.att_write_rsp
                0x0000000000008920       0xd0 zephyr/subsys/bluetooth/host/libsubsys__bluetooth__host.a(att.c.obj)
 .text.att_exec_write_req
                0x00000000000089f0       0x84 zephyr/subsys/bluetooth/host/libsubsys__bluetooth__host.a(att.c.obj)
 .text.att_prepare_write_req
                0x0000000000008a74       0xe4 zephyr/subsys/bluetooth/host/libsubsys__bluetooth__host.a(att.c.obj)
 .text.att_read_group_req
                0x0000000000008b58      0x108 zephyr/subsys/bluetooth/host/libsubsys__bluetooth__host.a(att.c.obj)
 .text.att_read_mult_req
                0x0000000000008c60       0x8c zephyr/subsys/bluetooth/host/libsubsys__bluetooth__host.a(att.c.obj)
 .text.att_read_rsp
                0x0000000000008cec       0x94 zephyr/subsys/bluetooth/host/libsubsys__bluetooth__host.a(att.c.obj)
 .text.att_read_type_req
                0x0000000000008d80       0xc8 zephyr/subsys/bluetooth/host/libsubsys__bluetooth__host.a(att.c.obj)
 .text.att_find_type_req
                0x0000000000008e48       0xdc zephyr/subsys/bluetooth/host/libsubsys__bluetooth__host.a(att.c.obj)
 .text.att_find_info_req
                0x0000000000008f24       0x78 zephyr/subsys/bluetooth/host/libsubsys__bluetooth__host.a(att.c.obj)
 .text.att_mtu_req
                0x0000000000008f9c       0x6c zephyr/subsys/bluetooth/host/libsubsys__bluetooth__host.a(att.c.obj)
 .text.bt_att_req_alloc
                0x0000000000009008       0x2c zephyr/subsys/bluetooth/host/libsubsys__bluetooth__host.a(att.c.obj)
                0x0000000000009008                bt_att_req_alloc
 .text.bt_att_req_free
                0x0000000000009034       0x18 zephyr/subsys/bluetooth/host/libsubsys__bluetooth__host.a(att.c.obj)
                0x0000000000009034                bt_att_req_free
 .text.att_handle_rsp
                0x000000000000904c       0xd0 zephyr/subsys/bluetooth/host/libsubsys__bluetooth__host.a(att.c.obj)
 .text.bt_att_encrypt_change
                0x000000000000911c       0x6c zephyr/subsys/bluetooth/host/libsubsys__bluetooth__host.a(att.c.obj)
 .text.att_reset
                0x0000000000009188       0x68 zephyr/subsys/bluetooth/host/libsubsys__bluetooth__host.a(att.c.obj)
 .text.sc_store
                0x00000000000091f0       0x40 zephyr/subsys/bluetooth/host/libsubsys__bluetooth__host.a(gatt.c.obj)
 .text.ccc_set_direct
                0x0000000000009230       0x20 zephyr/subsys/bluetooth/host/libsubsys__bluetooth__host.a(gatt.c.obj)
 .text.sc_commit.part.0
                0x0000000000009250       0x18 zephyr/subsys/bluetooth/host/libsubsys__bluetooth__host.a(gatt.c.obj)
 .text.ccc_save
                0x0000000000009268       0x40 zephyr/subsys/bluetooth/host/libsubsys__bluetooth__host.a(gatt.c.obj)
 .text.sc_commit
                0x00000000000092a8       0x3c zephyr/subsys/bluetooth/host/libsubsys__bluetooth__host.a(gatt.c.obj)
 .text.sc_indicate_rsp
                0x00000000000092e4       0x44 zephyr/subsys/bluetooth/host/libsubsys__bluetooth__host.a(gatt.c.obj)
 .text.find_sc_cfg
                0x0000000000009328       0x44 zephyr/subsys/bluetooth/host/libsubsys__bluetooth__host.a(gatt.c.obj)
 .text.read_ppcp
                0x000000000000936c       0x38 zephyr/subsys/bluetooth/host/libsubsys__bluetooth__host.a(gatt.c.obj)
 .text.bt_gatt_clear_sc
                0x00000000000093a4       0x4c zephyr/subsys/bluetooth/host/libsubsys__bluetooth__host.a(gatt.c.obj)
 .text.disconnected_cb
                0x00000000000093f0       0x8c zephyr/subsys/bluetooth/host/libsubsys__bluetooth__host.a(gatt.c.obj)
 .text.remove_peer_from_attr
                0x000000000000947c       0x34 zephyr/subsys/bluetooth/host/libsubsys__bluetooth__host.a(gatt.c.obj)
 .text.gatt_indicate
                0x00000000000094b0       0x8c zephyr/subsys/bluetooth/host/libsubsys__bluetooth__host.a(gatt.c.obj)
 .text.notify_cb
                0x000000000000953c       0xd4 zephyr/subsys/bluetooth/host/libsubsys__bluetooth__host.a(gatt.c.obj)
 .text.sc_indicate
                0x0000000000009610       0x5c zephyr/subsys/bluetooth/host/libsubsys__bluetooth__host.a(gatt.c.obj)
 .text.bt_gatt_init
                0x000000000000966c       0x80 zephyr/subsys/bluetooth/host/libsubsys__bluetooth__host.a(gatt.c.obj)
                0x000000000000966c                bt_gatt_init
 .text.bt_gatt_attr_get_handle
                0x00000000000096ec       0x60 zephyr/subsys/bluetooth/host/libsubsys__bluetooth__host.a(gatt.c.obj)
                0x00000000000096ec                bt_gatt_attr_get_handle
 .text.bt_gatt_attr_value_handle
                0x000000000000974c       0x28 zephyr/subsys/bluetooth/host/libsubsys__bluetooth__host.a(gatt.c.obj)
                0x000000000000974c                bt_gatt_attr_value_handle
 .text.bt_gatt_foreach_attr_type
                0x0000000000009774      0x158 zephyr/subsys/bluetooth/host/libsubsys__bluetooth__host.a(gatt.c.obj)
                0x0000000000009774                bt_gatt_foreach_attr_type
 .text.bt_gatt_service_register
                0x00000000000098cc      0x15c zephyr/subsys/bluetooth/host/libsubsys__bluetooth__host.a(gatt.c.obj)
                0x00000000000098cc                bt_gatt_service_register
 .text.bt_gatt_notify_cb
                0x0000000000009a28       0xec zephyr/subsys/bluetooth/host/libsubsys__bluetooth__host.a(gatt.c.obj)
                0x0000000000009a28                bt_gatt_notify_cb
 .text.bt_gatt_indicate
                0x0000000000009b14       0xf0 zephyr/subsys/bluetooth/host/libsubsys__bluetooth__host.a(gatt.c.obj)
                0x0000000000009b14                bt_gatt_indicate
 .text.sc_process
                0x0000000000009c04       0x78 zephyr/subsys/bluetooth/host/libsubsys__bluetooth__host.a(gatt.c.obj)
 .text.update_ccc
                0x0000000000009c7c       0xe4 zephyr/subsys/bluetooth/host/libsubsys__bluetooth__host.a(gatt.c.obj)
 .text.bt_gatt_connected
                0x0000000000009d60       0x78 zephyr/subsys/bluetooth/host/libsubsys__bluetooth__host.a(gatt.c.obj)
                0x0000000000009d60                bt_gatt_connected
 .text.bt_gatt_encrypt_change
                0x0000000000009dd8       0x20 zephyr/subsys/bluetooth/host/libsubsys__bluetooth__host.a(gatt.c.obj)
                0x0000000000009dd8                bt_gatt_encrypt_change
 .text.bt_gatt_store_ccc
                0x0000000000009df8       0x60 zephyr/subsys/bluetooth/host/libsubsys__bluetooth__host.a(gatt.c.obj)
                0x0000000000009df8                bt_gatt_store_ccc
 .text.bt_gatt_disconnected
                0x0000000000009e58       0x54 zephyr/subsys/bluetooth/host/libsubsys__bluetooth__host.a(gatt.c.obj)
                0x0000000000009e58                bt_gatt_disconnected
 .text.get_io_capa
                0x0000000000009eac       0x4c zephyr/subsys/bluetooth/host/libsubsys__bluetooth__host.a(smp.c.obj)
 .text.bt_smp_accept
                0x0000000000009ef8       0x1c zephyr/subsys/bluetooth/host/libsubsys__bluetooth__host.a(smp.c.obj)
 .text.get_auth.isra.0
                0x0000000000009f14       0x3c zephyr/subsys/bluetooth/host/libsubsys__bluetooth__host.a(smp.c.obj)
 .text.smp_init
                0x0000000000009f50       0x3c zephyr/subsys/bluetooth/host/libsubsys__bluetooth__host.a(smp.c.obj)
 .text.smp_send.isra.0
                0x0000000000009f8c       0x30 zephyr/subsys/bluetooth/host/libsubsys__bluetooth__host.a(smp.c.obj)
 .text.smp_send_pairing_confirm
                0x0000000000009fbc       0x80 zephyr/subsys/bluetooth/host/libsubsys__bluetooth__host.a(smp.c.obj)
 .text.smp_public_key_slave.part.0
                0x000000000000a03c       0xc8 zephyr/subsys/bluetooth/host/libsubsys__bluetooth__host.a(smp.c.obj)
 .text.compute_and_check_and_send_slave_dhcheck
                0x000000000000a104      0x1d0 zephyr/subsys/bluetooth/host/libsubsys__bluetooth__host.a(smp.c.obj)
 .text.sc_send_public_key
                0x000000000000a2d4       0x44 zephyr/subsys/bluetooth/host/libsubsys__bluetooth__host.a(smp.c.obj)
 .text.smp_public_key
                0x000000000000a318       0x98 zephyr/subsys/bluetooth/host/libsubsys__bluetooth__host.a(smp.c.obj)
 .text.smp_pairing_req
                0x000000000000a3b0      0x3b4 zephyr/subsys/bluetooth/host/libsubsys__bluetooth__host.a(smp.c.obj)
 .text.smp_pairing_complete
                0x000000000000a764       0xa8 zephyr/subsys/bluetooth/host/libsubsys__bluetooth__host.a(smp.c.obj)
 .text.bt_smp_dhkey_ready
                0x000000000000a80c       0x6c zephyr/subsys/bluetooth/host/libsubsys__bluetooth__host.a(smp.c.obj)
 .text.bt_smp_recv
                0x000000000000a878       0x78 zephyr/subsys/bluetooth/host/libsubsys__bluetooth__host.a(smp.c.obj)
 .text.smp_pairing_failed
                0x000000000000a8f0       0x48 zephyr/subsys/bluetooth/host/libsubsys__bluetooth__host.a(smp.c.obj)
 .text.bt_smp_connected
                0x000000000000a938       0x1c zephyr/subsys/bluetooth/host/libsubsys__bluetooth__host.a(smp.c.obj)
 .text.bt_smp_encrypt_change
                0x000000000000a954      0x250 zephyr/subsys/bluetooth/host/libsubsys__bluetooth__host.a(smp.c.obj)
 .text.smp_pairing_random
                0x000000000000aba4      0x244 zephyr/subsys/bluetooth/host/libsubsys__bluetooth__host.a(smp.c.obj)
 .text.bt_smp_pkey_ready
                0x000000000000ade8       0x4c zephyr/subsys/bluetooth/host/libsubsys__bluetooth__host.a(smp.c.obj)
 .text.bt_smp_start_security
                0x000000000000ae34      0x178 zephyr/subsys/bluetooth/host/libsubsys__bluetooth__host.a(smp.c.obj)
                0x000000000000ae34                bt_smp_start_security
 .text.bt_smp_init
                0x000000000000afac       0x2c zephyr/subsys/bluetooth/host/libsubsys__bluetooth__host.a(smp.c.obj)
                0x000000000000afac                bt_smp_init
 .text.bt_keys_get_addr
                0x000000000000afd8       0x50 zephyr/subsys/bluetooth/host/libsubsys__bluetooth__host.a(keys.c.obj)
                0x000000000000afd8                bt_keys_get_addr
 .text.bt_keys_foreach
                0x000000000000b028       0x1c zephyr/subsys/bluetooth/host/libsubsys__bluetooth__host.a(keys.c.obj)
                0x000000000000b028                bt_keys_foreach
 .text.keys_commit
                0x000000000000b044       0x14 zephyr/subsys/bluetooth/host/libsubsys__bluetooth__host.a(keys.c.obj)
 .text.bt_keys_find
                0x000000000000b058       0x2c zephyr/subsys/bluetooth/host/libsubsys__bluetooth__host.a(keys.c.obj)
                0x000000000000b058                bt_keys_find
 .text.bt_keys_find_irk
                0x000000000000b084       0x74 zephyr/subsys/bluetooth/host/libsubsys__bluetooth__host.a(keys.c.obj)
                0x000000000000b084                bt_keys_find_irk
 .text.bt_keys_find_addr
                0x000000000000b0f8       0x20 zephyr/subsys/bluetooth/host/libsubsys__bluetooth__host.a(keys.c.obj)
                0x000000000000b0f8                bt_keys_find_addr
 .text.bt_keys_clear
                0x000000000000b118       0x4c zephyr/subsys/bluetooth/host/libsubsys__bluetooth__host.a(keys.c.obj)
                0x000000000000b118                bt_keys_clear
 .text.bt_keys_store
                0x000000000000b164       0x40 zephyr/subsys/bluetooth/host/libsubsys__bluetooth__host.a(keys.c.obj)
                0x000000000000b164                bt_keys_store
 .text.mem_init
                0x000000000000b1a4       0x5c zephyr/subsys/bluetooth/controller/libsubsys__bluetooth__controller.a(mem.c.obj)
                0x000000000000b1a4                mem_init
 .text.mem_acquire
                0x000000000000b200       0x34 zephyr/subsys/bluetooth/controller/libsubsys__bluetooth__controller.a(mem.c.obj)
                0x000000000000b200                mem_acquire
 .text.mem_release
                0x000000000000b234       0x30 zephyr/subsys/bluetooth/controller/libsubsys__bluetooth__controller.a(mem.c.obj)
                0x000000000000b234                mem_release
 .text.mem_get  0x000000000000b264        0x8 zephyr/subsys/bluetooth/controller/libsubsys__bluetooth__controller.a(mem.c.obj)
                0x000000000000b264                mem_get
 .text.mem_index_get
                0x000000000000b26c        0xc zephyr/subsys/bluetooth/controller/libsubsys__bluetooth__controller.a(mem.c.obj)
                0x000000000000b26c                mem_index_get
 .text.mem_rcopy
                0x000000000000b278       0x1c zephyr/subsys/bluetooth/controller/libsubsys__bluetooth__controller.a(mem.c.obj)
                0x000000000000b278                mem_rcopy
 .text.mem_nz   0x000000000000b294       0x18 zephyr/subsys/bluetooth/controller/libsubsys__bluetooth__controller.a(mem.c.obj)
                0x000000000000b294                mem_nz
 .text.memq_init
                0x000000000000b2ac        0x8 zephyr/subsys/bluetooth/controller/libsubsys__bluetooth__controller.a(memq.c.obj)
                0x000000000000b2ac                memq_init
 .text.memq_deinit
                0x000000000000b2b4       0x14 zephyr/subsys/bluetooth/controller/libsubsys__bluetooth__controller.a(memq.c.obj)
                0x000000000000b2b4                memq_deinit
 .text.memq_enqueue
                0x000000000000b2c8       0x10 zephyr/subsys/bluetooth/controller/libsubsys__bluetooth__controller.a(memq.c.obj)
                0x000000000000b2c8                memq_enqueue
 .text.memq_peek
                0x000000000000b2d8       0x10 zephyr/subsys/bluetooth/controller/libsubsys__bluetooth__controller.a(memq.c.obj)
                0x000000000000b2d8                memq_peek
 .text.memq_dequeue
                0x000000000000b2e8       0x20 zephyr/subsys/bluetooth/controller/libsubsys__bluetooth__controller.a(memq.c.obj)
                0x000000000000b2e8                memq_dequeue
 .text.mayfly_init
                0x000000000000b308       0x40 zephyr/subsys/bluetooth/controller/libsubsys__bluetooth__controller.a(mayfly.c.obj)
                0x000000000000b308                mayfly_init
 .text.mayfly_enable
                0x000000000000b348       0x68 zephyr/subsys/bluetooth/controller/libsubsys__bluetooth__controller.a(mayfly.c.obj)
                0x000000000000b348                mayfly_enable
 .text.mayfly_enqueue
                0x000000000000b3b0       0xa8 zephyr/subsys/bluetooth/controller/libsubsys__bluetooth__controller.a(mayfly.c.obj)
                0x000000000000b3b0                mayfly_enqueue
 .text.mayfly_run
                0x000000000000b458      0x13c zephyr/subsys/bluetooth/controller/libsubsys__bluetooth__controller.a(mayfly.c.obj)
                0x000000000000b458                mayfly_run
 .text.util_ones_count_get
                0x000000000000b594       0x30 zephyr/subsys/bluetooth/controller/libsubsys__bluetooth__controller.a(util.c.obj)
                0x000000000000b594                util_ones_count_get
 .text.ticker_worker
                0x000000000000b5c4      0x2e0 zephyr/subsys/bluetooth/controller/libsubsys__bluetooth__controller.a(ticker.c.obj)
                0x000000000000b5c4                ticker_worker
 .text.ticker_job
                0x000000000000b8a4      0xe68 zephyr/subsys/bluetooth/controller/libsubsys__bluetooth__controller.a(ticker.c.obj)
                0x000000000000b8a4                ticker_job
 .text.ticker_init
                0x000000000000c70c       0x98 zephyr/subsys/bluetooth/controller/libsubsys__bluetooth__controller.a(ticker.c.obj)
                0x000000000000c70c                ticker_init
 .text.ticker_trigger
                0x000000000000c7a4       0x30 zephyr/subsys/bluetooth/controller/libsubsys__bluetooth__controller.a(ticker.c.obj)
                0x000000000000c7a4                ticker_trigger
 .text.ticker_start_ext
                0x000000000000c7d4       0xac zephyr/subsys/bluetooth/controller/libsubsys__bluetooth__controller.a(ticker.c.obj)
                0x000000000000c7d4                ticker_start_ext
 .text.ticker_start
                0x000000000000c880       0x38 zephyr/subsys/bluetooth/controller/libsubsys__bluetooth__controller.a(ticker.c.obj)
                0x000000000000c880                ticker_start
 .text.ticker_update
                0x000000000000c8b8       0xa0 zephyr/subsys/bluetooth/controller/libsubsys__bluetooth__controller.a(ticker.c.obj)
                0x000000000000c8b8                ticker_update
 .text.ticker_stop
                0x000000000000c958       0x8c zephyr/subsys/bluetooth/controller/libsubsys__bluetooth__controller.a(ticker.c.obj)
                0x000000000000c958                ticker_stop
 .text.ticker_ticks_now_get
                0x000000000000c9e4        0x4 zephyr/subsys/bluetooth/controller/libsubsys__bluetooth__controller.a(ticker.c.obj)
                0x000000000000c9e4                ticker_ticks_now_get
 .text.ticker_ticks_diff_get
                0x000000000000c9e8        0x8 zephyr/subsys/bluetooth/controller/libsubsys__bluetooth__controller.a(ticker.c.obj)
                0x000000000000c9e8                ticker_ticks_diff_get
 .text.ll_addr_get
                0x000000000000c9f0       0x3c zephyr/subsys/bluetooth/controller/libsubsys__bluetooth__controller.a(ll_addr.c.obj)
                0x000000000000c9f0                ll_addr_get
 .text.ll_addr_set
                0x000000000000ca2c       0x3c zephyr/subsys/bluetooth/controller/libsubsys__bluetooth__controller.a(ll_addr.c.obj)
                0x000000000000ca2c                ll_addr_set
 .text.ll_tx_pwr_lvl_get
                0x000000000000ca68       0x44 zephyr/subsys/bluetooth/controller/libsubsys__bluetooth__controller.a(ll_tx_pwr.c.obj)
                0x000000000000ca68                ll_tx_pwr_lvl_get
 .text.ll_tx_pwr_lvl_set
                0x000000000000caac       0x50 zephyr/subsys/bluetooth/controller/libsubsys__bluetooth__controller.a(ll_tx_pwr.c.obj)
                0x000000000000caac                ll_tx_pwr_lvl_set
 .text.ll_tx_pwr_get
                0x000000000000cafc       0x14 zephyr/subsys/bluetooth/controller/libsubsys__bluetooth__controller.a(ll_tx_pwr.c.obj)
                0x000000000000cafc                ll_tx_pwr_get
 .text.hci_driver_init
                0x000000000000cb10       0x10 zephyr/subsys/bluetooth/controller/libsubsys__bluetooth__controller.a(hci_driver.c.obj)
 .text.hci_driver_send
                0x000000000000cb20       0x6c zephyr/subsys/bluetooth/controller/libsubsys__bluetooth__controller.a(hci_driver.c.obj)
 .text.recv_thread
                0x000000000000cb8c       0xf0 zephyr/subsys/bluetooth/controller/libsubsys__bluetooth__controller.a(hci_driver.c.obj)
 .text.prio_recv_thread
                0x000000000000cc7c       0xc0 zephyr/subsys/bluetooth/controller/libsubsys__bluetooth__controller.a(hci_driver.c.obj)
 .text.hci_driver_open
                0x000000000000cd3c       0x90 zephyr/subsys/bluetooth/controller/libsubsys__bluetooth__controller.a(hci_driver.c.obj)
 .text.cmd_complete_status
                0x000000000000cdcc       0x24 zephyr/subsys/bluetooth/controller/libsubsys__bluetooth__controller.a(hci.c.obj)
 .text.meta_evt
                0x000000000000cdf0       0x30 zephyr/subsys/bluetooth/controller/libsubsys__bluetooth__controller.a(hci.c.obj)
 .text.encrypt_change.part.0
                0x000000000000ce20       0x34 zephyr/subsys/bluetooth/controller/libsubsys__bluetooth__controller.a(hci.c.obj)
 .text.le_remote_feat_complete
                0x000000000000ce54       0x6c zephyr/subsys/bluetooth/controller/libsubsys__bluetooth__controller.a(hci.c.obj)
 .text.hci_disconn_complete_encode.part.0
                0x000000000000cec0       0x30 zephyr/subsys/bluetooth/controller/libsubsys__bluetooth__controller.a(hci.c.obj)
 .text.hci_cmd_complete
                0x000000000000cef0       0x20 zephyr/subsys/bluetooth/controller/libsubsys__bluetooth__controller.a(hci.c.obj)
                0x000000000000cef0                hci_cmd_complete
 .text.hci_vendor_cmd_handle_common
                0x000000000000cf10      0x178 zephyr/subsys/bluetooth/controller/libsubsys__bluetooth__controller.a(hci.c.obj)
                0x000000000000cf10                hci_vendor_cmd_handle_common
 .text.hci_cmd_handle
                0x000000000000d088      0x7a4 zephyr/subsys/bluetooth/controller/libsubsys__bluetooth__controller.a(hci.c.obj)
                0x000000000000d088                hci_cmd_handle
 .text.hci_acl_handle
                0x000000000000d82c       0xcc zephyr/subsys/bluetooth/controller/libsubsys__bluetooth__controller.a(hci.c.obj)
                0x000000000000d82c                hci_acl_handle
 .text.hci_disconn_complete_encode
                0x000000000000d8f8       0x20 zephyr/subsys/bluetooth/controller/libsubsys__bluetooth__controller.a(hci.c.obj)
                0x000000000000d8f8                hci_disconn_complete_encode
 .text.hci_disconn_complete_process
                0x000000000000d918       0x10 zephyr/subsys/bluetooth/controller/libsubsys__bluetooth__controller.a(hci.c.obj)
                0x000000000000d918                hci_disconn_complete_process
 .text.hci_acl_encode
                0x000000000000d928       0x74 zephyr/subsys/bluetooth/controller/libsubsys__bluetooth__controller.a(hci.c.obj)
                0x000000000000d928                hci_acl_encode
 .text.hci_evt_encode
                0x000000000000d99c      0x470 zephyr/subsys/bluetooth/controller/libsubsys__bluetooth__controller.a(hci.c.obj)
                0x000000000000d99c                hci_evt_encode
 .text.hci_num_cmplt_encode
                0x000000000000de0c       0x30 zephyr/subsys/bluetooth/controller/libsubsys__bluetooth__controller.a(hci.c.obj)
                0x000000000000de0c                hci_num_cmplt_encode
 .text.hci_get_class
                0x000000000000de3c       0x2c zephyr/subsys/bluetooth/controller/libsubsys__bluetooth__controller.a(hci.c.obj)
                0x000000000000de3c                hci_get_class
 .text.hci_init
                0x000000000000de68       0x40 zephyr/subsys/bluetooth/controller/libsubsys__bluetooth__controller.a(hci.c.obj)
                0x000000000000de68                hci_init
 .text.bt_rand  0x000000000000dea8        0x4 zephyr/subsys/bluetooth/controller/libsubsys__bluetooth__controller.a(crypto.c.obj)
                0x000000000000dea8                bt_rand
 .text.bt_encrypt_le
                0x000000000000deac        0xc zephyr/subsys/bluetooth/controller/libsubsys__bluetooth__controller.a(crypto.c.obj)
                0x000000000000deac                bt_encrypt_le
 .text.perform_lll_reset
                0x000000000000deb8       0x94 zephyr/subsys/bluetooth/controller/libsubsys__bluetooth__controller.a(ull.c.obj)
 .text.disabled_cb
                0x000000000000df4c        0x4 zephyr/subsys/bluetooth/controller/libsubsys__bluetooth__controller.a(ull.c.obj)
 .text.tx_cmplt_get
                0x000000000000df50       0xcc zephyr/subsys/bluetooth/controller/libsubsys__bluetooth__controller.a(ull.c.obj)
 .text.rx_demux
                0x000000000000e01c      0x380 zephyr/subsys/bluetooth/controller/libsubsys__bluetooth__controller.a(ull.c.obj)
 .text.ll_init  0x000000000000e39c      0x2c8 zephyr/subsys/bluetooth/controller/libsubsys__bluetooth__controller.a(ull.c.obj)
                0x000000000000e39c                ll_init
 .text.ll_reset
                0x000000000000e664      0x2c0 zephyr/subsys/bluetooth/controller/libsubsys__bluetooth__controller.a(ull.c.obj)
                0x000000000000e664                ll_reset
 .text.ll_rx_get
                0x000000000000e924      0x1b4 zephyr/subsys/bluetooth/controller/libsubsys__bluetooth__controller.a(ull.c.obj)
                0x000000000000e924                ll_rx_get
 .text.ll_rx_dequeue
                0x000000000000ead8      0x1a0 zephyr/subsys/bluetooth/controller/libsubsys__bluetooth__controller.a(ull.c.obj)
                0x000000000000ead8                ll_rx_dequeue
 .text.ll_rx_mem_release
                0x000000000000ec78      0x250 zephyr/subsys/bluetooth/controller/libsubsys__bluetooth__controller.a(ull.c.obj)
                0x000000000000ec78                ll_rx_mem_release
 .text.ll_rx_link_alloc
                0x000000000000eec8        0xc zephyr/subsys/bluetooth/controller/libsubsys__bluetooth__controller.a(ull.c.obj)
                0x000000000000eec8                ll_rx_link_alloc
 .text.ll_rx_link_release
                0x000000000000eed4        0xc zephyr/subsys/bluetooth/controller/libsubsys__bluetooth__controller.a(ull.c.obj)
                0x000000000000eed4                ll_rx_link_release
 .text.ll_rx_alloc
                0x000000000000eee0        0xc zephyr/subsys/bluetooth/controller/libsubsys__bluetooth__controller.a(ull.c.obj)
                0x000000000000eee0                ll_rx_alloc
 .text.ll_rx_release
                0x000000000000eeec        0xc zephyr/subsys/bluetooth/controller/libsubsys__bluetooth__controller.a(ull.c.obj)
                0x000000000000eeec                ll_rx_release
 .text.ll_rx_put
                0x000000000000eef8       0x14 zephyr/subsys/bluetooth/controller/libsubsys__bluetooth__controller.a(ull.c.obj)
                0x000000000000eef8                ll_rx_put
 .text.ll_rx_sched
                0x000000000000ef0c        0xc zephyr/subsys/bluetooth/controller/libsubsys__bluetooth__controller.a(ull.c.obj)
                0x000000000000ef0c                ll_rx_sched
 .text.ll_pdu_rx_alloc_peek
                0x000000000000ef18       0x3c zephyr/subsys/bluetooth/controller/libsubsys__bluetooth__controller.a(ull.c.obj)
                0x000000000000ef18                ll_pdu_rx_alloc_peek
 .text.ll_pdu_rx_alloc
                0x000000000000ef54       0x30 zephyr/subsys/bluetooth/controller/libsubsys__bluetooth__controller.a(ull.c.obj)
                0x000000000000ef54                ll_pdu_rx_alloc
 .text.ll_tx_ack_put
                0x000000000000ef84       0x60 zephyr/subsys/bluetooth/controller/libsubsys__bluetooth__controller.a(ull.c.obj)
                0x000000000000ef84                ll_tx_ack_put
 .text.ull_ticker_status_give
                0x000000000000efe4        0xc zephyr/subsys/bluetooth/controller/libsubsys__bluetooth__controller.a(ull.c.obj)
                0x000000000000efe4                ull_ticker_status_give
 .text.ull_ticker_status_take
                0x000000000000eff0       0x50 zephyr/subsys/bluetooth/controller/libsubsys__bluetooth__controller.a(ull.c.obj)
                0x000000000000eff0                ull_ticker_status_take
 .text.ull_disable_mark
                0x000000000000f040       0x18 zephyr/subsys/bluetooth/controller/libsubsys__bluetooth__controller.a(ull.c.obj)
                0x000000000000f040                ull_disable_mark
 .text.ull_disable_unmark
                0x000000000000f058       0x18 zephyr/subsys/bluetooth/controller/libsubsys__bluetooth__controller.a(ull.c.obj)
                0x000000000000f058                ull_disable_unmark
 .text.ull_disable_mark_get
                0x000000000000f070        0xc zephyr/subsys/bluetooth/controller/libsubsys__bluetooth__controller.a(ull.c.obj)
                0x000000000000f070                ull_disable_mark_get
 .text.ull_update_mark
                0x000000000000f07c       0x18 zephyr/subsys/bluetooth/controller/libsubsys__bluetooth__controller.a(ull.c.obj)
                0x000000000000f07c                ull_update_mark
 .text.ull_update_unmark
                0x000000000000f094       0x18 zephyr/subsys/bluetooth/controller/libsubsys__bluetooth__controller.a(ull.c.obj)
                0x000000000000f094                ull_update_unmark
 .text.ull_update_mark_get
                0x000000000000f0ac        0xc zephyr/subsys/bluetooth/controller/libsubsys__bluetooth__controller.a(ull.c.obj)
                0x000000000000f0ac                ull_update_mark_get
 .text.ull_disable
                0x000000000000f0b8       0x7c zephyr/subsys/bluetooth/controller/libsubsys__bluetooth__controller.a(ull.c.obj)
                0x000000000000f0b8                ull_disable
 .text.ull_pdu_rx_alloc_peek
                0x000000000000f134       0x3c zephyr/subsys/bluetooth/controller/libsubsys__bluetooth__controller.a(ull.c.obj)
                0x000000000000f134                ull_pdu_rx_alloc_peek
 .text.ull_pdu_rx_alloc
                0x000000000000f170       0x30 zephyr/subsys/bluetooth/controller/libsubsys__bluetooth__controller.a(ull.c.obj)
                0x000000000000f170                ull_pdu_rx_alloc
 .text.ull_rx_put
                0x000000000000f1a0       0x20 zephyr/subsys/bluetooth/controller/libsubsys__bluetooth__controller.a(ull.c.obj)
                0x000000000000f1a0                ull_rx_put
 .text.ull_rx_sched
                0x000000000000f1c0       0x10 zephyr/subsys/bluetooth/controller/libsubsys__bluetooth__controller.a(ull.c.obj)
                0x000000000000f1c0                ull_rx_sched
 .text.ull_prepare_enqueue
                0x000000000000f1d0       0x70 zephyr/subsys/bluetooth/controller/libsubsys__bluetooth__controller.a(ull.c.obj)
                0x000000000000f1d0                ull_prepare_enqueue
 .text.ull_prepare_dequeue_get
                0x000000000000f240       0x1c zephyr/subsys/bluetooth/controller/libsubsys__bluetooth__controller.a(ull.c.obj)
                0x000000000000f240                ull_prepare_dequeue_get
 .text.ull_prepare_dequeue_iter
                0x000000000000f25c       0x3c zephyr/subsys/bluetooth/controller/libsubsys__bluetooth__controller.a(ull.c.obj)
                0x000000000000f25c                ull_prepare_dequeue_iter
 .text.ull_event_done_extra_get
                0x000000000000f298       0x20 zephyr/subsys/bluetooth/controller/libsubsys__bluetooth__controller.a(ull.c.obj)
                0x000000000000f298                ull_event_done_extra_get
 .text.ull_event_done
                0x000000000000f2b8       0x60 zephyr/subsys/bluetooth/controller/libsubsys__bluetooth__controller.a(ull.c.obj)
                0x000000000000f2b8                ull_event_done
 .text.disabled_cb
                0x000000000000f318       0xa4 zephyr/subsys/bluetooth/controller/libsubsys__bluetooth__controller.a(ull_adv.c.obj)
 .text.ticker_cb
                0x000000000000f3bc      0x130 zephyr/subsys/bluetooth/controller/libsubsys__bluetooth__controller.a(ull_adv.c.obj)
 .text.ticker_op_stop_cb
                0x000000000000f4ec       0xa4 zephyr/subsys/bluetooth/controller/libsubsys__bluetooth__controller.a(ull_adv.c.obj)
 .text.ticker_op_update_cb
                0x000000000000f590       0x38 zephyr/subsys/bluetooth/controller/libsubsys__bluetooth__controller.a(ull_adv.c.obj)
 .text.ticker_stop_cb
                0x000000000000f5c8       0x84 zephyr/subsys/bluetooth/controller/libsubsys__bluetooth__controller.a(ull_adv.c.obj)
 .text.conn_release.constprop.0
                0x000000000000f64c       0x8c zephyr/subsys/bluetooth/controller/libsubsys__bluetooth__controller.a(ull_adv.c.obj)
 .text.ll_adv_params_set
                0x000000000000f6d8      0x14c zephyr/subsys/bluetooth/controller/libsubsys__bluetooth__controller.a(ull_adv.c.obj)
                0x000000000000f6d8                ll_adv_params_set
 .text.ull_adv_init
                0x000000000000f824       0x10 zephyr/subsys/bluetooth/controller/libsubsys__bluetooth__controller.a(ull_adv.c.obj)
                0x000000000000f824                ull_adv_init
 .text.ull_adv_reset
                0x000000000000f834      0x140 zephyr/subsys/bluetooth/controller/libsubsys__bluetooth__controller.a(ull_adv.c.obj)
                0x000000000000f834                ull_adv_reset
 .text.ull_adv_set_get
                0x000000000000f974       0x10 zephyr/subsys/bluetooth/controller/libsubsys__bluetooth__controller.a(ull_adv.c.obj)
                0x000000000000f974                ull_adv_set_get
 .text.ull_adv_handle_get
                0x000000000000f984       0x18 zephyr/subsys/bluetooth/controller/libsubsys__bluetooth__controller.a(ull_adv.c.obj)
                0x000000000000f984                ull_adv_handle_get
 .text.ull_adv_lll_handle_get
                0x000000000000f99c       0x1c zephyr/subsys/bluetooth/controller/libsubsys__bluetooth__controller.a(ull_adv.c.obj)
                0x000000000000f99c                ull_adv_lll_handle_get
 .text.ull_adv_is_enabled_get
                0x000000000000f9b8       0x1c zephyr/subsys/bluetooth/controller/libsubsys__bluetooth__controller.a(ull_adv.c.obj)
                0x000000000000f9b8                ull_adv_is_enabled_get
 .text.ull_adv_is_enabled
                0x000000000000f9d4       0x18 zephyr/subsys/bluetooth/controller/libsubsys__bluetooth__controller.a(ull_adv.c.obj)
                0x000000000000f9d4                ull_adv_is_enabled
 .text.ull_adv_filter_pol_get
                0x000000000000f9ec       0x20 zephyr/subsys/bluetooth/controller/libsubsys__bluetooth__controller.a(ull_adv.c.obj)
                0x000000000000f9ec                ull_adv_filter_pol_get
 .text.ull_adv_data_set
                0x000000000000fa0c       0xbc zephyr/subsys/bluetooth/controller/libsubsys__bluetooth__controller.a(ull_adv.c.obj)
                0x000000000000fa0c                ull_adv_data_set
 .text.ll_adv_data_set
                0x000000000000fac8       0x10 zephyr/subsys/bluetooth/controller/libsubsys__bluetooth__controller.a(ull_adv.c.obj)
                0x000000000000fac8                ll_adv_data_set
 .text.ull_scan_rsp_set
                0x000000000000fad8       0x98 zephyr/subsys/bluetooth/controller/libsubsys__bluetooth__controller.a(ull_adv.c.obj)
                0x000000000000fad8                ull_scan_rsp_set
 .text.ll_adv_scan_rsp_set
                0x000000000000fb70       0x10 zephyr/subsys/bluetooth/controller/libsubsys__bluetooth__controller.a(ull_adv.c.obj)
                0x000000000000fb70                ll_adv_scan_rsp_set
 .text.tx_ull_dequeue
                0x000000000000fb80       0x90 zephyr/subsys/bluetooth/controller/libsubsys__bluetooth__controller.a(ull_conn.c.obj)
 .text.calc_eff_time
                0x000000000000fc10       0x5c zephyr/subsys/bluetooth/controller/libsubsys__bluetooth__controller.a(ull_conn.c.obj)
 .text.init_reset
                0x000000000000fc6c       0x74 zephyr/subsys/bluetooth/controller/libsubsys__bluetooth__controller.a(ull_conn.c.obj)
 .text.ctrl_tx_pause_enqueue
                0x000000000000fce0       0xac zephyr/subsys/bluetooth/controller/libsubsys__bluetooth__controller.a(ull_conn.c.obj)
 .text.tx_lll_flush
                0x000000000000fd8c       0xf8 zephyr/subsys/bluetooth/controller/libsubsys__bluetooth__controller.a(ull_conn.c.obj)
 .text.ticker_op_stop_cb
                0x000000000000fe84       0x64 zephyr/subsys/bluetooth/controller/libsubsys__bluetooth__controller.a(ull_conn.c.obj)
 .text.ticker_start_conn_op_cb
                0x000000000000fee8       0x58 zephyr/subsys/bluetooth/controller/libsubsys__bluetooth__controller.a(ull_conn.c.obj)
 .text.ticker_stop_conn_op_cb
                0x000000000000ff40       0x58 zephyr/subsys/bluetooth/controller/libsubsys__bluetooth__controller.a(ull_conn.c.obj)
 .text.ticker_update_conn_op_cb
                0x000000000000ff98       0x40 zephyr/subsys/bluetooth/controller/libsubsys__bluetooth__controller.a(ull_conn.c.obj)
 .text.reject_ext_ind_send.isra.0
                0x000000000000ffd8       0xa4 zephyr/subsys/bluetooth/controller/libsubsys__bluetooth__controller.a(ull_conn.c.obj)
 .text.start_enc_rsp_send
                0x000000000001007c       0xc4 zephyr/subsys/bluetooth/controller/libsubsys__bluetooth__controller.a(ull_conn.c.obj)
 .text.ctrl_tx_sec_enqueue
                0x0000000000010140      0x124 zephyr/subsys/bluetooth/controller/libsubsys__bluetooth__controller.a(ull_conn.c.obj)
 .text.feature_rsp_send.isra.0
                0x0000000000010264       0xa8 zephyr/subsys/bluetooth/controller/libsubsys__bluetooth__controller.a(ull_conn.c.obj)
 .text.ll_conn_acquire
                0x000000000001030c        0xc zephyr/subsys/bluetooth/controller/libsubsys__bluetooth__controller.a(ull_conn.c.obj)
                0x000000000001030c                ll_conn_acquire
 .text.ll_conn_release
                0x0000000000010318        0xc zephyr/subsys/bluetooth/controller/libsubsys__bluetooth__controller.a(ull_conn.c.obj)
                0x0000000000010318                ll_conn_release
 .text.ll_conn_handle_get
                0x0000000000010324       0x10 zephyr/subsys/bluetooth/controller/libsubsys__bluetooth__controller.a(ull_conn.c.obj)
                0x0000000000010324                ll_conn_handle_get
 .text.ll_conn_get
                0x0000000000010334       0x10 zephyr/subsys/bluetooth/controller/libsubsys__bluetooth__controller.a(ull_conn.c.obj)
                0x0000000000010334                ll_conn_get
 .text.ll_connected_get
                0x0000000000010344       0x24 zephyr/subsys/bluetooth/controller/libsubsys__bluetooth__controller.a(ull_conn.c.obj)
                0x0000000000010344                ll_connected_get
 .text.ll_tx_mem_acquire
                0x0000000000010368        0xc zephyr/subsys/bluetooth/controller/libsubsys__bluetooth__controller.a(ull_conn.c.obj)
                0x0000000000010368                ll_tx_mem_acquire
 .text.ll_tx_mem_release
                0x0000000000010374        0xc zephyr/subsys/bluetooth/controller/libsubsys__bluetooth__controller.a(ull_conn.c.obj)
                0x0000000000010374                ll_tx_mem_release
 .text.ll_tx_mem_enqueue
                0x0000000000010380       0x94 zephyr/subsys/bluetooth/controller/libsubsys__bluetooth__controller.a(ull_conn.c.obj)
                0x0000000000010380                ll_tx_mem_enqueue
 .text.ll_conn_update
                0x0000000000010414      0x124 zephyr/subsys/bluetooth/controller/libsubsys__bluetooth__controller.a(ull_conn.c.obj)
                0x0000000000010414                ll_conn_update
 .text.ll_chm_get
                0x0000000000010538       0x40 zephyr/subsys/bluetooth/controller/libsubsys__bluetooth__controller.a(ull_conn.c.obj)
                0x0000000000010538                ll_chm_get
 .text.ll_terminate_ind_send
                0x0000000000010578       0x48 zephyr/subsys/bluetooth/controller/libsubsys__bluetooth__controller.a(ull_conn.c.obj)
                0x0000000000010578                ll_terminate_ind_send
 .text.ll_feature_req_send
                0x00000000000105c0       0x4c zephyr/subsys/bluetooth/controller/libsubsys__bluetooth__controller.a(ull_conn.c.obj)
                0x00000000000105c0                ll_feature_req_send
 .text.ll_version_ind_send
                0x000000000001060c       0x4c zephyr/subsys/bluetooth/controller/libsubsys__bluetooth__controller.a(ull_conn.c.obj)
                0x000000000001060c                ll_version_ind_send
 .text.ll_length_req_send
                0x0000000000010658       0xa8 zephyr/subsys/bluetooth/controller/libsubsys__bluetooth__controller.a(ull_conn.c.obj)
                0x0000000000010658                ll_length_req_send
 .text.ll_length_default_get
                0x0000000000010700       0x18 zephyr/subsys/bluetooth/controller/libsubsys__bluetooth__controller.a(ull_conn.c.obj)
                0x0000000000010700                ll_length_default_get
 .text.ll_length_default_set
                0x0000000000010718       0x14 zephyr/subsys/bluetooth/controller/libsubsys__bluetooth__controller.a(ull_conn.c.obj)
                0x0000000000010718                ll_length_default_set
 .text.ll_length_max_get
                0x000000000001072c       0x14 zephyr/subsys/bluetooth/controller/libsubsys__bluetooth__controller.a(ull_conn.c.obj)
                0x000000000001072c                ll_length_max_get
 .text.ll_phy_get
                0x0000000000010740       0x3c zephyr/subsys/bluetooth/controller/libsubsys__bluetooth__controller.a(ull_conn.c.obj)
                0x0000000000010740                ll_phy_get
 .text.ll_phy_default_set
                0x000000000001077c       0x14 zephyr/subsys/bluetooth/controller/libsubsys__bluetooth__controller.a(ull_conn.c.obj)
                0x000000000001077c                ll_phy_default_set
 .text.ll_phy_req_send
                0x0000000000010790       0xa8 zephyr/subsys/bluetooth/controller/libsubsys__bluetooth__controller.a(ull_conn.c.obj)
                0x0000000000010790                ll_phy_req_send
 .text.ll_apto_get
                0x0000000000010838       0x48 zephyr/subsys/bluetooth/controller/libsubsys__bluetooth__controller.a(ull_conn.c.obj)
                0x0000000000010838                ll_apto_get
 .text.ll_apto_set
                0x0000000000010880       0x44 zephyr/subsys/bluetooth/controller/libsubsys__bluetooth__controller.a(ull_conn.c.obj)
                0x0000000000010880                ll_apto_set
 .text.ull_conn_init
                0x00000000000108c4        0x4 zephyr/subsys/bluetooth/controller/libsubsys__bluetooth__controller.a(ull_conn.c.obj)
                0x00000000000108c4                ull_conn_init
 .text.ull_conn_reset
                0x00000000000108c8       0xdc zephyr/subsys/bluetooth/controller/libsubsys__bluetooth__controller.a(ull_conn.c.obj)
                0x00000000000108c8                ull_conn_reset
 .text.ull_conn_default_tx_octets_get
                0x00000000000109a4        0xc zephyr/subsys/bluetooth/controller/libsubsys__bluetooth__controller.a(ull_conn.c.obj)
                0x00000000000109a4                ull_conn_default_tx_octets_get
 .text.ull_conn_default_tx_time_get
                0x00000000000109b0        0xc zephyr/subsys/bluetooth/controller/libsubsys__bluetooth__controller.a(ull_conn.c.obj)
                0x00000000000109b0                ull_conn_default_tx_time_get
 .text.ull_conn_default_phy_tx_get
                0x00000000000109bc        0xc zephyr/subsys/bluetooth/controller/libsubsys__bluetooth__controller.a(ull_conn.c.obj)
                0x00000000000109bc                ull_conn_default_phy_tx_get
 .text.ull_conn_default_phy_rx_get
                0x00000000000109c8        0xc zephyr/subsys/bluetooth/controller/libsubsys__bluetooth__controller.a(ull_conn.c.obj)
                0x00000000000109c8                ull_conn_default_phy_rx_get
 .text.ull_conn_setup
                0x00000000000109d4       0x44 zephyr/subsys/bluetooth/controller/libsubsys__bluetooth__controller.a(ull_conn.c.obj)
                0x00000000000109d4                ull_conn_setup
 .text.ull_conn_rx
                0x0000000000010a18     0x1944 zephyr/subsys/bluetooth/controller/libsubsys__bluetooth__controller.a(ull_conn.c.obj)
                0x0000000000010a18                ull_conn_rx
 .text.ull_conn_tx_demux
                0x000000000001235c       0xa0 zephyr/subsys/bluetooth/controller/libsubsys__bluetooth__controller.a(ull_conn.c.obj)
                0x000000000001235c                ull_conn_tx_demux
 .text.conn_cleanup
                0x00000000000123fc       0xfc zephyr/subsys/bluetooth/controller/libsubsys__bluetooth__controller.a(ull_conn.c.obj)
 .text.ull_conn_done
                0x00000000000124f8      0x318 zephyr/subsys/bluetooth/controller/libsubsys__bluetooth__controller.a(ull_conn.c.obj)
                0x00000000000124f8                ull_conn_done
 .text.ull_conn_tx_lll_enqueue
                0x0000000000012810      0x1ec zephyr/subsys/bluetooth/controller/libsubsys__bluetooth__controller.a(ull_conn.c.obj)
                0x0000000000012810                ull_conn_tx_lll_enqueue
 .text.tx_demux
                0x00000000000129fc       0x18 zephyr/subsys/bluetooth/controller/libsubsys__bluetooth__controller.a(ull_conn.c.obj)
 .text.ull_conn_link_tx_release
                0x0000000000012a14        0xc zephyr/subsys/bluetooth/controller/libsubsys__bluetooth__controller.a(ull_conn.c.obj)
                0x0000000000012a14                ull_conn_link_tx_release
 .text.ull_conn_ack_last_idx_get
                0x0000000000012a20        0xc zephyr/subsys/bluetooth/controller/libsubsys__bluetooth__controller.a(ull_conn.c.obj)
                0x0000000000012a20                ull_conn_ack_last_idx_get
 .text.ull_conn_ack_peek
                0x0000000000012a2c       0x34 zephyr/subsys/bluetooth/controller/libsubsys__bluetooth__controller.a(ull_conn.c.obj)
                0x0000000000012a2c                ull_conn_ack_peek
 .text.ull_conn_ack_by_last_peek
                0x0000000000012a60       0x2c zephyr/subsys/bluetooth/controller/libsubsys__bluetooth__controller.a(ull_conn.c.obj)
                0x0000000000012a60                ull_conn_ack_by_last_peek
 .text.ull_conn_ack_dequeue
                0x0000000000012a8c       0x30 zephyr/subsys/bluetooth/controller/libsubsys__bluetooth__controller.a(ull_conn.c.obj)
                0x0000000000012a8c                ull_conn_ack_dequeue
 .text.ull_conn_lll_ack_enqueue
                0x0000000000012abc       0x60 zephyr/subsys/bluetooth/controller/libsubsys__bluetooth__controller.a(ull_conn.c.obj)
                0x0000000000012abc                ull_conn_lll_ack_enqueue
 .text.ull_conn_tx_ack
                0x0000000000012b1c      0x350 zephyr/subsys/bluetooth/controller/libsubsys__bluetooth__controller.a(ull_conn.c.obj)
                0x0000000000012b1c                ull_conn_tx_ack
 .text.ull_conn_lll_max_tx_octets_get
                0x0000000000012e6c       0x54 zephyr/subsys/bluetooth/controller/libsubsys__bluetooth__controller.a(ull_conn.c.obj)
                0x0000000000012e6c                ull_conn_lll_max_tx_octets_get
 .text.ticker_update_latency_cancel_op_cb
                0x0000000000012ec0       0x48 zephyr/subsys/bluetooth/controller/libsubsys__bluetooth__controller.a(ull_slave.c.obj)
 .text.ticker_op_cb
                0x0000000000012f08       0x30 zephyr/subsys/bluetooth/controller/libsubsys__bluetooth__controller.a(ull_slave.c.obj)
 .text.ticker_op_stop_adv_cb.part.0
                0x0000000000012f38       0x2c zephyr/subsys/bluetooth/controller/libsubsys__bluetooth__controller.a(ull_slave.c.obj)
 .text.ticker_op_stop_adv_cb
                0x0000000000012f64       0x1c zephyr/subsys/bluetooth/controller/libsubsys__bluetooth__controller.a(ull_slave.c.obj)
 .text.ull_slave_ticker_cb
                0x0000000000012f80       0xb8 zephyr/subsys/bluetooth/controller/libsubsys__bluetooth__controller.a(ull_slave.c.obj)
                0x0000000000012f80                ull_slave_ticker_cb
 .text.ull_slave_latency_cancel
                0x0000000000013038       0x70 zephyr/subsys/bluetooth/controller/libsubsys__bluetooth__controller.a(ull_slave.c.obj)
                0x0000000000013038                ull_slave_latency_cancel
 .text.ll_start_enc_req_send
                0x00000000000130a8       0x94 zephyr/subsys/bluetooth/controller/libsubsys__bluetooth__controller.a(ull_slave.c.obj)
                0x00000000000130a8                ll_start_enc_req_send
 .text.ull_chan_map_get
                0x000000000001313c       0x18 zephyr/subsys/bluetooth/controller/libsubsys__bluetooth__controller.a(ull_chan.c.obj)
                0x000000000001313c                ull_chan_map_get
 .text.lll_chan_sel_1
                0x0000000000013154       0x78 zephyr/subsys/bluetooth/controller/libsubsys__bluetooth__controller.a(lll_chan.c.obj)
                0x0000000000013154                lll_chan_sel_1
 .text.lll_chan_sel_2
                0x00000000000131cc       0xcc zephyr/subsys/bluetooth/controller/libsubsys__bluetooth__controller.a(lll_chan.c.obj)
                0x00000000000131cc                lll_chan_sel_2
 .text.wl_find  0x0000000000013298       0x70 zephyr/subsys/bluetooth/controller/libsubsys__bluetooth__controller.a(ull_filter.c.obj)
 .text.wl_update
                0x0000000000013308       0x9c zephyr/subsys/bluetooth/controller/libsubsys__bluetooth__controller.a(ull_filter.c.obj)
 .text.rl_update
                0x00000000000133a4       0x6c zephyr/subsys/bluetooth/controller/libsubsys__bluetooth__controller.a(ull_filter.c.obj)
 .text.ll_wl_size_get
                0x0000000000013410        0x4 zephyr/subsys/bluetooth/controller/libsubsys__bluetooth__controller.a(ull_filter.c.obj)
                0x0000000000013410                ll_wl_size_get
 .text.ll_wl_clear
                0x0000000000013414       0x54 zephyr/subsys/bluetooth/controller/libsubsys__bluetooth__controller.a(ull_filter.c.obj)
                0x0000000000013414                ll_wl_clear
 .text.ll_wl_remove
                0x0000000000013468       0x6c zephyr/subsys/bluetooth/controller/libsubsys__bluetooth__controller.a(ull_filter.c.obj)
                0x0000000000013468                ll_wl_remove
 .text.ll_rl_id_addr_get
                0x00000000000134d4       0x88 zephyr/subsys/bluetooth/controller/libsubsys__bluetooth__controller.a(ull_filter.c.obj)
                0x00000000000134d4                ll_rl_id_addr_get
 .text.ll_rl_size_get
                0x000000000001355c        0x4 zephyr/subsys/bluetooth/controller/libsubsys__bluetooth__controller.a(ull_filter.c.obj)
                0x000000000001355c                ll_rl_size_get
 .text.ll_rl_clear
                0x0000000000013560       0x80 zephyr/subsys/bluetooth/controller/libsubsys__bluetooth__controller.a(ull_filter.c.obj)
                0x0000000000013560                ll_rl_clear
 .text.ll_rl_enable
                0x00000000000135e0       0x2c zephyr/subsys/bluetooth/controller/libsubsys__bluetooth__controller.a(ull_filter.c.obj)
                0x00000000000135e0                ll_rl_enable
 .text.ll_rl_timeout_set
                0x000000000001360c       0x14 zephyr/subsys/bluetooth/controller/libsubsys__bluetooth__controller.a(ull_filter.c.obj)
                0x000000000001360c                ll_rl_timeout_set
 .text.ull_filter_adv_scan_state_cb
                0x0000000000013620       0x44 zephyr/subsys/bluetooth/controller/libsubsys__bluetooth__controller.a(ull_filter.c.obj)
                0x0000000000013620                ull_filter_adv_scan_state_cb
 .text.ull_filter_adv_update
                0x0000000000013664       0x34 zephyr/subsys/bluetooth/controller/libsubsys__bluetooth__controller.a(ull_filter.c.obj)
                0x0000000000013664                ull_filter_adv_update
 .text.ull_filter_adv_pdu_update
                0x0000000000013698      0x110 zephyr/subsys/bluetooth/controller/libsubsys__bluetooth__controller.a(ull_filter.c.obj)
                0x0000000000013698                ull_filter_adv_pdu_update
 .text.ull_filter_rpa_update
                0x00000000000137a8      0x244 zephyr/subsys/bluetooth/controller/libsubsys__bluetooth__controller.a(ull_filter.c.obj)
                0x00000000000137a8                ull_filter_rpa_update
 .text.rpa_timeout
                0x00000000000139ec       0x40 zephyr/subsys/bluetooth/controller/libsubsys__bluetooth__controller.a(ull_filter.c.obj)
 .text.ull_filter_rl_find
                0x0000000000013a2c       0x78 zephyr/subsys/bluetooth/controller/libsubsys__bluetooth__controller.a(ull_filter.c.obj)
                0x0000000000013a2c                ull_filter_rl_find
 .text.ll_wl_add
                0x0000000000013aa4       0xc0 zephyr/subsys/bluetooth/controller/libsubsys__bluetooth__controller.a(ull_filter.c.obj)
                0x0000000000013aa4                ll_wl_add
 .text.ll_rl_add
                0x0000000000013b64      0x180 zephyr/subsys/bluetooth/controller/libsubsys__bluetooth__controller.a(ull_filter.c.obj)
                0x0000000000013b64                ll_rl_add
 .text.ll_rl_remove
                0x0000000000013ce4      0x100 zephyr/subsys/bluetooth/controller/libsubsys__bluetooth__controller.a(ull_filter.c.obj)
                0x0000000000013ce4                ll_rl_remove
 .text.ll_rl_crpa_set
                0x0000000000013de4       0x48 zephyr/subsys/bluetooth/controller/libsubsys__bluetooth__controller.a(ull_filter.c.obj)
                0x0000000000013de4                ll_rl_crpa_set
 .text.ll_rl_crpa_get
                0x0000000000013e2c       0x44 zephyr/subsys/bluetooth/controller/libsubsys__bluetooth__controller.a(ull_filter.c.obj)
                0x0000000000013e2c                ll_rl_crpa_get
 .text.ll_rl_lrpa_get
                0x0000000000013e70       0x38 zephyr/subsys/bluetooth/controller/libsubsys__bluetooth__controller.a(ull_filter.c.obj)
                0x0000000000013e70                ll_rl_lrpa_get
 .text.ll_priv_mode_set
                0x0000000000013ea8       0x64 zephyr/subsys/bluetooth/controller/libsubsys__bluetooth__controller.a(ull_filter.c.obj)
                0x0000000000013ea8                ll_priv_mode_set
 .text.ull_filter_reset
                0x0000000000013f0c       0xf0 zephyr/subsys/bluetooth/controller/libsubsys__bluetooth__controller.a(ull_filter.c.obj)
                0x0000000000013f0c                ull_filter_reset
 .text.ull_filter_lll_lrpa_used
                0x0000000000013ffc       0x1c zephyr/subsys/bluetooth/controller/libsubsys__bluetooth__controller.a(ull_filter.c.obj)
                0x0000000000013ffc                ull_filter_lll_lrpa_used
 .text.ull_filter_lll_irks_get
                0x0000000000014018       0x14 zephyr/subsys/bluetooth/controller/libsubsys__bluetooth__controller.a(ull_filter.c.obj)
                0x0000000000014018                ull_filter_lll_irks_get
 .text.ull_filter_lll_rl_irk_idx
                0x000000000001402c       0xa4 zephyr/subsys/bluetooth/controller/libsubsys__bluetooth__controller.a(ull_filter.c.obj)
                0x000000000001402c                ull_filter_lll_rl_irk_idx
 .text.ull_filter_lll_irk_whitelisted
                0x00000000000140d0       0x60 zephyr/subsys/bluetooth/controller/libsubsys__bluetooth__controller.a(ull_filter.c.obj)
                0x00000000000140d0                ull_filter_lll_irk_whitelisted
 .text.ull_filter_lll_get
                0x0000000000014130       0x18 zephyr/subsys/bluetooth/controller/libsubsys__bluetooth__controller.a(ull_filter.c.obj)
                0x0000000000014130                ull_filter_lll_get
 .text.ull_filter_lll_rl_addr_allowed
                0x0000000000014148       0x7c zephyr/subsys/bluetooth/controller/libsubsys__bluetooth__controller.a(ull_filter.c.obj)
                0x0000000000014148                ull_filter_lll_rl_addr_allowed
 .text.ull_filter_lll_rl_enabled
                0x00000000000141c4       0x10 zephyr/subsys/bluetooth/controller/libsubsys__bluetooth__controller.a(ull_filter.c.obj)
                0x00000000000141c4                ull_filter_lll_rl_enabled
 .text.radio_nrf5_isr
                0x00000000000141d4       0x20 zephyr/subsys/bluetooth/controller/libsubsys__bluetooth__controller.a(lll.c.obj)
                0x00000000000141d4                radio_nrf5_isr
 .text.rtc0_nrf5_isr
                0x00000000000141f4       0x2c zephyr/subsys/bluetooth/controller/libsubsys__bluetooth__controller.a(lll.c.obj)
 .text.swi_lll_nrf5_isr